[Grâce à ces tests je vois qu'il faut que je m'améliore en mécanique car je n'ai pas du tout compris. J'ai beaucoup d'ignorance car je ne connais pas bien ma leçon. Je me sens plus à l'aise en chimie, mais je confonds encore beaucoup stéréoisomère, énantiomère, de configuration, de conformation . . . J'ai aussi besoin de revoir les titrages car je n'arrive pas à faire les calculs.] ; human(DomKldg) ; IA(DomKldg  
DomKldg  
StratKldg  
MotOrient.Value  
MotOrient.SelfEff  
DomKldg  
MotOrient.Value)
[Score attribué au fait que je n'étais pas assez attentive et concentrée lors du test.] ; human(StratKldg) ; IA(MonCal.Interpret)
[Cela révèle que je dois être plus prudente concernant les questions ou je pense avoir faux pour espérer être davantage réaliste] ; human(Interpret) ; IA(CTRL)
[Beaucoup des sujets je n'avais pas révisé du tout encore] ; human(StratKldg) ; IA(DomKldg)
[je n'étais pas très concentrée] ; human(StratKldg) ; IA(BDS.Emotions)
[9 erreurs dangereuses] ; human(MonCal.Facts.DC) ; IA(MonCal.Interpret)
[Après avoir relu mes erreurs, j'ai remarqué que ces erreurs provenaient d'une erreur de lecture de la question et rarement d'une réelle erreur / lacune dans mes connaissances.] ; human(StratKldg) ; IA(MonCal.Interpret)
[Sur la partie mécanique j'ai été plus confiant, à juste titre, alors que dans la partie chimie j'ai été plus prudent (aussi à juste titre)] ; human(MotOrient.SelfEff) ; IA(MonCal.Interpret)
[Je suis aussi surpris de mon score pour la partie chimie] ; human(BDS.Emotions) ; IA(MonCal.Interpret)
[Pour être plus sur de moi il faudrait que je révise plus la chimie pour solidifier mes connaissances.] ; human(DomKldg) ; IA(CTRL)
[Par rapport à la dernière fois j'ai fait moins d'erreurs d'inattention car j'ai bien vérifié même les questions que j'ai eu juste.] ; human(StratKldg) ; IA(CTRL)
[j'ai plus de réponses correctes en chimie qu'en physique.] ; human(DomKldg) ; IA(MonCal.Facts.RF)
[ce test est très réaliste/ précis.] ; human(MotOrient.Value) ; IA(MonCal.Interpret)
[ce qui concerne les mauvaises réponses, c'est une mauvaise compréhension des questions] ; human(StratKldg) ; IA(DomKldg)
[Pour le degré de certitude, c'est dangereux pour les mauvaises réponses, car j’étais plutôt vers une certitude de 100% même si je n'étais pas sûre de mes réponses] ; human(MonCal.Interpret) ; IA(MonCal.Facts.DC)
[J'ai quand même beaucoup d'erreurs dangereuses (6 au total). J'ai 2 ignorance déclarée, ce qui est relativement peu. Dans mes réponses correctes, j'ai plus de savoir fragile que de savoir certain.] ; human(MonCal.Facts.DC) ; IA(MonCal.Facts.DC  
MonCal.Facts.RF)
[D'après ma courbe, j'ai tendance à être à la fois trop prudente (avec 12 savoirs fragiles) et à la fois pas assez (7 erreurs dangereuses)] ; human(MonCal.Interpret) ; IA(MonCal.Facts.DC)
[J'étais aussi peu attentive] ; human(StratKldg) ; IA(BDS.Emotions)
[la majorité de mes fautes n'étaient pas pressenties et mes réponses correctes étaient certaines] ; human(MonCal.Facts.DC) ; IA(MonCal.Facts.DC  
MonCal.Facts.RF)
[le plus grave ? les erreurs dangereuses que j'ai fait.] ; human(MonCal.Interpret) ; IA(MonCal.Facts.DC)
[Ce test m'a permis de réaliser que mes connaissances sont moins solides que ce que j'espérais] ; human(MotOrient.Value) ; IA(MonCal.Interpret)
[c'est bien de voir que la plupart du temps je suis certaine quand j'ai raison] ; human(MonCal.Interpret) ; IA(MotOrient.SelfEff)
[je ne suis pas du tout sûr de ce que je réponds en chimie] ; human(MotOrient.SelfEff) ; IA(MonCal.Interpret)
[Il faut donc que je révise les formules / équations de Kepler, Newton, et de l'accélération et pour la chimie : la nomenclature, la géométries des molécules et les acides/bases.] ; human(DomKldg) ; IA(StratKldg)
[La courbe en J des réponses correctes montre qu'en général, je sais quand j'ai la bonne réponse. Cependant je ne sais pas forcément quand j'ai la mauvaise réponse, la courbe en J des réponses incorrectes m'indiquant beaucoup d'erreurs dangereuses et ne suivant pas la forme du J. Cela relève d'une certaine imprudence.] ; human(MonCal.Interpret) ; IA(MonCal.Facts.DC)
[Il faut que je révise la chimie, car mes connaissances sont floues et donc la certitude de mes réponses est affectée.] ; human(DomKldg) ; IA(DomKldg  
MotOrient.SelfEff)
[je suis sûr dans toutes mes réponses où je crois avoir raison, ce qui me donne uniquement des savoirs certains et des erreurs dangereuses. Ma courbe de bonnes réponses est en J mais l'autre est en J inversé (en L en fait).] ; human(MonCal.Facts.DC) ; IA(MonCal.Facts.DC  
MonCal.Facts.RF)
[Il y a un manque de rigueur car j'ai mal lu les énoncés et cela m'a induit en erreur et c'est pour cela que j'ai eu des réponses qui étaient erronées] ; human(StratKldg) ; IA(MonCal.Interpret)
[5 : erreurs dangereuses, 6 erreurs présumées, 11 savoirs fragiles, 10 savoir certains :] ; human(MonCal.Facts.DC) ; IA(MonCal.Facts.DC  
MonCal.Facts.RF)
[On peut dire que j'ai eu ce score car je ne révise jamais sauf la veille ou le jour même d'un contrôle, j'aurais sûrement un meilleur score en révisant régulièrement] ; human(StratKldg) ; IA(CTRL)
[Beaucoup de savoir certain avec 5 erreurs dangereuses.] ; human(MonCal.Facts.DC) ; IA(MonCal.Facts.DC  
MonCal.Facts.RF)
[Ce test m'a permis de comprendre que je dois faire plus attention aux énoncés.] ; human(MotOrient.Value) ; IA(MonCal.Interpret)
[6 erreurs dangereuses, 3 présumées, 4 ignorances déclarée, 3 savoir fragile, 16 savoir certain] ; human(MonCal.Facts.DC) ; IA(MonCal.Facts.RF  
MonCal.Facts.DC)
[5 réponse dangereuse, 1 erreur présumée, 5 ignorance déclarée, 6 savoir fragile et 15 certain] ; human(MonCal.Facts.DC) ; IA(MonCal.Facts.RF  
MonCal.Facts.DC)
[Globalement, il y a plus de réponses savoir certain que d'erreur dangereuse ,] ; human(MonCal.Facts.DC) ; IA(MonCal.Facts.RF)
[e trouve que j'ai été trop rapide dans mes choix de réponse ainsi à l'avenir il me faudra être plus réfléchi. Aussi des petites révisions ne me feraient pas de mal.] ; human(StratKldg) ; IA(CTRL)
[Je suis assez content du résultat, ça aurait pu être pire. Ce test provoque chez moi de l'anxiété] ; human(BDS.Emotions) ; IA(BDS.Emotions  
/classe)
[J'ai aussi appris que je suis incapable de me concentrer devant un écran d'ordinateur, je vais trop vite du coup je comprends mal les énoncés et les questions] ; human(StratKldg) ; IA(CTRL)
[Globalement, il y a beaucoup de réponses certaines mais aussi beaucoup d'erreurs dangereuses.] ; human(MonCal.Facts.DC) ; IA(MonCal.Facts.DC  
MonCal.Facts.RF)
[Je dois mieux lire les énoncés et être plus attentif sur les réponses] ; human(StratKldg) ; IA(CTRL)
[des connaissances certaines dans le domaine de la physique chimie] ; human(DomKldg) ; IA(MotOrient.SelfEff)
[Je devrais être plus attentif sur les questions.] ; human(StratKldg) ; IA(CTRL)
[J'ai appris que je devrais me fier plus à mes connaissances qu'à la pertinence de la question] ; human(MotOrient.Value) ; IA(MonCal.Interpret)
[un savoir certain , 4 savoir fragile , pour les erreurs, 5 erreur dangereuse et 7 erreur présumée] ; human(MonCal.Facts.DC) ; IA(MonCal.Facts.RF  
MonCal.Facts.DC)
[Je repère beaucoup de prudence car je peux présumer mes erreurs éventuel , ce qui me permet d'avoir peut d'erreur dangereuse.] ; human(MonCal.Interpret) ; IA(MonCal.Facts.DC)
[Pour m'améliorer davantage, il faut que je réponde plus spontanément car il y a des questions où j'ai trop hésité] ; human(CTRL) ; IA(MotOrient.SelfEff)
[Ces erreurs dangereuses sont dues à un manque de connaissances.] ; human(MonCal.Interpret) ; IA(DomKldg)
[La prochaine fois, je ferais attention aux tournures des phrases qui peuvent être dangereuses.] ; human(CTRL) ; IA(StratKldg)
[Plutôt des erreurs d'inattention que du manque de réalisme.] ; human(StratKldg) ; IA(MonCal.Interpret)
[Il y a pas mal de savoir fragile ce qui montre de la prudence.] ; human(MonCal.Interpret) ; IA(MonCal.Facts.DC)
[La chimie est vraiment dure, mais la physique c'est bien] ; human(DomKldg) ; IA(DomKldg  
MotOrient.Value)
[il faut revoir certaines choses de mon cours] ; human(CTRL) ; IA(DomKldg)
[Erreur dangereuse 4, Erreur présumée 3, savoir certain 24, 1 ignorance déclarée] ; human(MonCal.Facts.DC) ; IA(MonCal.Facts.DC  
MonCal.Facts.RF)
[J'ai eu tout juste en physique, mais j'ai plus de mal en chimie car c'est moins concret. Les formules sont dures à comprendre donc à apprendre. De plus, mes erreurs dangereuses en chimie montrent que je n'ai pas tout compris.] ; human(DomKldg) ; IA(StratKldg  
DomKldg  
MonCal.Facts.DC)
[Ce score global (par rapport aux erreurs dangereuses) est peut-être dût à de la précipitation] ; human(StratKldg) ; IA(MonCal.Interpret)
[Je pourrais être plus réaliste en lisant mieux les questions.] ; human(StratKldg) ; IA(CTRL)
[Bon test permettant ainsi de connaitre la qualité des connaissances.] ; human(MotOrient.Value) ; IA(MonCal.Facts.RF)
[6 erreurs dangereuses, 18 savoirs certains et 4 savoir fragiles, 1 erreur présumée.] ; human(MonCal.Facts.DC) ; IA(MonCal.Facts.DC  
MonCal.Facts.RF)
[4 erreurs dangereuses et 6 erreurs présumées et 4 savoir fragile ainsi que 18 savoir certain] ; human(MonCal.Facts.DC) ; IA(MonCal.Facts.DC  
MonCal.Facts.RF)
[Il faut que je travaille mieux mes notions] ; human(StratKldg) ; IA(CTRL)
[L'objectif est donc une attention plus marquée dans la lecture des questions] ; human(StratKldg) ; IA(CTRL)
[trois erreurs dangereuses (à80%) qui sont dues à une mauvaise lecture de l'énoncé et une confusion entre plusieurs éléments de la consigne] ; human(StratKldg) ; IA(MonCal.Interpret)
[Pour un meilleur résultat la fois prochaine, il faudrait ouvrir le livre de SPC notamment sur la mécanique] ; human(CTRL) ; IA(StratKldg)
[j'ai souvent répondu trop vite] ; human(StratKldg) ; IA(MonCal.Interpret)
[4 erreurs dangereuses, 3 erreurs présumées et 13 savoirs certains] ; human(MonCal.Facts.DC) ; IA(MonCal.Facts.DC  
MonCal.Facts.RF)
[j'ai été beaucoup moins prudente que sur le dernier test, j'ai pris des risques] ; human(MonCal.Interpret) ; IA(StratKldg)
[9 savoir certain 4 fragile 4 erreurs présumées et 3 dangereuses.] ; human(MonCal.Facts.DC) ; IA(MonCal.Facts.RF  
MonCal.Facts.DC)
[des confusions et des souvenirs erronés du à des réponses données basées non pas sur un cours appris mais sur des souvenirs de classes et des exercices faits.] ; human(StratKldg) ; IA(MonCal.Facts.DC)
[j'ai échangé 2 valeurs dans une formule que je n'ai pas trop comprise] ; human(DomKldg) ; IA(StratKldg)
[je n'ai pas bien relu mes chapitres] ; human(StratKldg) ; IA(DomKldg)
[je pense que le cours est moins maitrisé] ; human(StratKldg) ; IA(DomKldg)
[je n'ai pas pris le temps de bien comprendre les énoncés] ; human(StratKldg) ; IA(CTRL)
[dans certaines questions je n’étais pas concentré sur le sujet] ; human(StratKldg) ; IA(MonCal.Interpret)
[j'ai été plus réaliste] ; human(MotOrient.SelfEff) ; IA(MonCal.Interpret)
[mes connaissances pas encore assez solides.] ; human(StratKldg) ; IA(DomKldg)
[mon problème réside dans ma précipitation] ; human(StratKldg) ; IA(CTRL)
[j'ai pas revu le cours] ; human(StratKldg) ; IA(DomKldg)
[un manque d'attention sur certains détails] ; human(StratKldg) ; IA(DomKldg)
[il faut que je révise les formules de Kepler et revoir les charges électriques] ; human(DomKldg) ; IA(StratKldg)
[Chapitres pas assez bien travaillés] ; human(StratKldg) ; IA(DomKldg)
[5 dangereuses, 2 présumées, 1 ignorance , 4 fragiles, 8 certains] ; human(MonCal.Facts.DC) ; IA(MonCal.Facts.DC  
MonCal.Facts.RF  

Note: Le commentaire contient à la fois des observations factuelles sur le nombre derreurs, de savoirs fragiles et certains (qui sintègrent dans MonCal.Facts.RF) ainsi que les types spécifiques derreurs et de connaissances (qui sintègrent dans MonCal.Facts.DC).)
[mauvais apprentissage du cours] ; human(StratKldg) ; IA(DomKldg)
[bcp d'erreurs dangereuses] ; human(MonCal.Facts.DC) ; IA(MonCal.Interpret)
[bien relire les consignes] ; human(StratKldg) ; IA(5.MotOrient.Value)
