[Cela révèle que je ne suis pas sûr de mes réponses] ; human(MotOrient.SelfEff) ; IA(3.MonCal.Facts.DC)
[Pour espérer davantage au prochain test il va falloir que je révise plus ce qui me permettra d'avoir de l'assurance et de la justesse dans mes réponses] ; human(CTRL) ; IA(MotOrient.SelfEff)
[1 réponse dangereuse] ; human(MonCal.Facts.DC) ; IA(3.MonCal.Facts.DC)
[je préfère ne pas me risquer à dire que c'est juste si ça peut ne pas l'être] ; human(StratKldg) ; IA(1. MonCal.Interpret)
[Score attribué au fait que je n'étais pas assez attentive et concentrée lors du test.] ; human(StratKldg) ; IA(BDS.Emotions)
[Le diagramme de réponses correctes est proche de la courbe en J, tandis que la courbe des réponses incorrectes ne l'est pas.] ; human(MonCal.Facts.DC) ; IA(MonCal.Facts.RF)
[Cela révèle que je dois être plus prudente concernant les questions ou je pense avoir faux pour espérer être davantage réaliste] ; human(Interpret) ; IA(4.BDS.Emotions)
[Beaucoup des sujets je n'avais pas révisé du tout encore] ; human(StratKldg) ; IA(DomKldg)
[Beaucoup d'erreurs dangereuses] ; human(MonCal.Facts.DC) ; IA(3.MonCal.Facts.DC)
[je n'étais pas très concentrée] ; human(StratKldg) ; IA(BDS.Emotions)
[mes connaissances sont encore trop fragiles, je n'ai toujours pas commencé les révisions pour les chapitres (illisible) particulièrement dans le chapitre sur les lois de Newton et la relation entre les acides et les bases.] ; human(DomKldg) ; IA(7.DomKldg)
[Toutefois, cela permet très certainement de cibler les points faibles. Le test est toujours utile.] ; human(MotOrient.Value) ; IA(MonCal.Facts.RF)
[Après avoir relu mes erreurs, j'ai remarqué que ces erreurs provenaient d'une erreur de lecture de la question et rarement d'une réelle erreur / lacune dans mes connaissances.] ; human(StratKldg) ; IA(8.StratKldg)
[j'ai eu tendance à faire preuve d'imprudence et à évaluer, à tort, mes réponses comme justes] ; human(MonCal.Interpret) ; IA(StratKldg)
[Sur la partie mécanique j'ai été plus confiant, à juste titre, alors que dans la partie chimie j'ai été plus prudent (aussi à juste titre)] ; human(MotOrient.SelfEff) ; IA(6.MotOrient.SelfEff)
[Je suis aussi surpris de mon score pour la partie chimie] ; human(BDS.Emotions) ; IA(MonCal.Interpret)
[Pour être plus sur de moi il faudrait que je révise plus la chimie pour solidifier mes connaissances.] ; human(DomKldg) ; IA(StratKldg)
[n'ayant absolument pas relu ni réviser la mécanique et même la chimie] ; human(DomKldg) ; IA(StratKldg)
[uniquement savoir certain ou erreur dangereuse-] ; human(MonCal.Facts.DC) ; IA(3.MonCal.Facts.DC)
[je n'avais pas révisé presque la totalité de ce qu'il y avait] ; human(DomKldg) ; IA(StratKldg)
[La plupart de ces erreurs sont dangereuses et les savoirs certains :] ; human(MonCal.Facts.DC) ; IA(3.MonCal.Facts.DC)
[je devrais peut-être être un peu plus prudent] ; human(MonCal.Interpret) ; IA(MotOrient.SelfEff)
[j'ai plus de réponses correctes en chimie qu'en physique.] ; human(DomKldg) ; IA(MonCal.Facts.RF)
[La plupart de mes mauvaises réponses sont dans la mécanique, car je n’ai pas appris, ni révisé cette partie avec la loi Kepler] ; human(DomKldg) ; IA(StratKldg  
DomKldg)
[ce qui concerne les mauvaises réponses, c'est une mauvaise compréhension des questions] ; human(StratKldg) ; IA(3.MonCal.Facts.DC)
[Pour le degré de certitude, c'est dangereux pour les mauvaises réponses, car j’étais plutôt vers une certitude de 100% même si je n'étais pas sûre de mes réponses] ; human(MonCal.Interpret) ; IA(3.MonCal.Facts.DC)
[je suis assez prudent] ; human(MonCal.Interpret) ; IA(6.MotOrient.SelfEff)
[Je n'avais pas révisé mes leçons] ; human(DomKldg) ; IA(StratKldg)
[D'après ma courbe, j'ai tendance à être à la fois trop prudente (avec 12 savoirs fragiles) et à la fois pas assez (7 erreurs dangereuses)] ; human(MonCal.Interpret) ; IA(MonCal.Facts.DC)
[J'étais globalement moins sûre de moi que lors de la première fois,] ; human(MotOrient.SelfEff) ; IA(BDS.Emotions)
[J'étais aussi peu attentive] ; human(StratKldg) ; IA(BDS.Emotions)
[J'ai essayé de passer à travers le test rapidement et en ai payé le prix.] ; human(StratKldg) ; IA(BDS.Emotions)
[le plus grave ? les erreurs dangereuses que j'ai fait.] ; human(MonCal.Interpret) ; IA(3.MonCal.Facts.DC)
[Ce test m'a permis de réaliser que mes connaissances sont moins solides que ce que j'espérais] ; human(MotOrient.Value) ; IA(MonCal.Interpret)
[c'est bien de voir que la plupart du temps je suis certaine quand j'ai raison] ; human(MonCal.Interpret) ; IA(MotOrient.SelfEff)
[9 réponses fausses (4 ! 5. . )3 ignorances20 réponses correctes (8 . . . 12 :)23/32] ; human(MonCal.Facts.RF) ; IA(2.MonCal.Facts.RF)
[je ne suis pas du tout sûr de ce que je réponds en chimie] ; human(MotOrient.SelfEff) ; IA(1.MonCal.Facts.RF : je ne suis pas du tout sûr de ce que je réponds en chimie

MonCal.Interpret)
[Il faut donc que je révise les formules / équations de Kepler, Newton, et de l'accélération et pour la chimie : la nomenclature, la géométries des molécules et les acides/bases.] ; human(DomKldg) ; IA(StratKldg)
[La courbe en J des réponses correctes montre qu'en général, je sais quand j'ai la bonne réponse. Cependant je ne sais pas forcément quand j'ai la mauvaise réponse, la courbe en J des réponses incorrectes m'indiquant beaucoup d'erreurs dangereuses et ne suivant pas la forme du J. Cela relève d'une certaine imprudence.] ; human(MonCal.Interpret) ; IA(StratKldg)
[Pour espérer devenir davantage réaliste lors du prochain test, je pourrais me fier davantage à mes réelles connaissances plutôt qu'à mes estimations sur quelle réponse pourrait être la bonne, si une question semble une question piège,] ; human(CTRL) ; IA(StratKldg)
[trop prudent] ; human(MonCal.Interpret) ; IA(1. Interpretation subjective des performances par un étudiant : Interprétations des résultats du test allant au-delà des observations factuelles, reflétant les interprétations subjectives des étudiants sur leur performance.

2. Observations concernant le nombre de bonnes et mauvaises réponses : Observations factuelles sur les résultats du test, incluant des remarques sur le nombre/quantité de réponses correctes et incorrectes.

3. Réflexion sur la confiance en soi dans un domaine spécifique : Accent sur l’auto-efficacité et la confiance des étudiants dans le domaine évalué.

4. Expérience des sentiments pendant le test : Commentaires exprimant les émotions ressenties par l’étudiant pendant et après le test.

5. Perception de la valeur des formats de tests : Commentaires sur lintérêt pour les types de tests (QCM, QCM avec DC) et leur valeur perçue pour l’apprentissage.

6. Identification des lacunes dans les connaissances disciplinaires : Commentaires identifiant les concepts/disciplines manquants et leur degré d’acquisition.

7. Réflexion sur lapproche future en matière dapprentissage : Commentaires sur les comportements futurs des apprenants.

8. Utilisation des stratégies d’apprentissage durant le test : Commentaires sur les stratégies d’apprentissage utilisées pendant le test et l’analyse du comportement des étudiants.

9. Analyse factuelle des erreurs potentiellement dangereuses ou supposées : Observations factuelles sur les résultats du test, incluant des remarques sur la quantité de connaissances fragiles, de connaissances certaines, derreurs dangereuses et derreurs présumées.

classeMonCal.Interpret/classe)
[Pour le prochain test, il faudrait que je me laisse un peu plus de temps avant de répondre et bien analyser les docs.] ; human(CTRL) ; IA(STRATKLDG)
[C'est un peu meilleur que le premier test mais c'est parce que les questions étaient sur des chapitres vus en Terminale tandis que le premier test était sur des chapitres vus en Première.] ; human(DomKldg) ; IA(MonCal.Facts.RF)
[On peut dire que j'ai eu ce score car je ne révise jamais sauf la veille ou le jour même d'un contrôle, j'aurais sûrement un meilleur score en révisant régulièrement] ; human(StratKldg) ; IA(CTRL)
[Pour le prochain test, je devrais approfondir les bases du cours (non-acquis) avec des exercices.] ; human(CTRL) ; IA(StratKldg)
[Ce test m'a permis de comprendre que je dois faire plus attention aux énoncés.] ; human(MotOrient.Value) ; IA(StratKldg)
[Relativement satisfait car peu d'erreurs et peu savoir fragile comme je le pensais lors du test. J'étais assez souvent très sûr de moi.] ; human(MonCal.Interpret) ; IA(MotOrient.SelfEff)
[e trouve que j'ai été trop rapide dans mes choix de réponse ainsi à l'avenir il me faudra être plus réfléchi. Aussi des petites révisions ne me feraient pas de mal.] ; human(StratKldg) ; IA(CTRL)
[Je pense que je peux m'améliorer en étant plus prudente et en faisant plus attention aux énoncés.] ; human(CTRL) ; IA(STRATKLDG)
[Cela Vient en parti du fait que je ne connaissais pas les formules du cours et d'interprétations fausses des documents] ; human(DomKldg) ; IA(Interpret (MonCal.Interpret), Facts.RF (MonCal.Facts.RF))
[Les courbes ne sont pas en J (légèrement pour les bonnes réponses, mais pas du tout sur les mauvaises)] ; human(MonCal.Facts.DC) ; IA(MonCal.Facts.RF)
[Mon savoir est là, mais cependant je fais encore trop d'erreurs d'inattention sur des choses bêtes. Il faut que je me concentre tout le long pour répondre à toutes les questions.] ; human(StratKldg) ; IA(8.StratKldg)
[Je suis assez content du résultat, ça aurait pu être pire. Ce test provoque chez moi de l'anxiété] ; human(BDS.Emotions) ; IA(BDS.Emotions  
MonCal.Interpret)
[Pour m'améliorer, je pourrais donc prendre plus de temps pour répondre et assimiler les énoncés.] ; human(CTRL) ; IA(StratKldg)
[23 réponses correctes, soit 71% de réponses justes et 9 incorrectes)] ; human(MonCal.Facts.RF) ; IA(2.MonCal.Facts.RF)
[des connaissances certaines dans le domaine de la physique chimie] ; human(DomKldg) ; IA(3.MonCal.Facts.DC)
[mes 7 erreurs dangereuses peuvent relever une certaine imprudence] ; human(MonCal.Interpret) ; IA(3.MonCal.Facts.DC)
[Afin de devenir davantage réaliste lors du prochain test, il me faudra être plus technique dans mes connaissances en physique chimie.] ; human(CTRL) ; IA(StratKldg)
[Beaucoup de réponses correctes] ; human(MonCal.Facts.RF) ; IA(2.MonCal.Facts.RF)
[Les courbes en J assez respecté, malgré un léger surplus de savoir fragile (70%)] ; human(MonCal.Facts.DC) ; IA(2.MonCal.Facts.RF)
[Je devrais être plus attentif sur les questions.] ; human(StratKldg) ; IA(STRATKLDG)
[J'ai appris que je devrais me fier plus à mes connaissances qu'à la pertinence de la question] ; human(MotOrient.Value) ; IA(StratKldg)
[Résultat : 20/32 , j'ai fait 16 réponses correctes] ; human(MonCal.Facts.RF) ; IA(2.MonCal.Facts.RF)
[Je repère beaucoup de prudence car je peux présumer mes erreurs éventuel , ce qui me permet d'avoir peut d'erreur dangereuse.] ; human(MonCal.Interpret) ; IA(3.MonCal.Facts.DC)
[Pour m'améliorer davantage, il faut que je réponde plus spontanément car il y a des questions où j'ai trop hésité] ; human(CTRL) ; IA(StratKldg)
[21 réponses correctes, 5 ignorances et 6 réponses incorrectes] ; human(MonCal.Facts.RF) ; IA(2.MonCal.Facts.RF)
[Ces erreurs dangereuses sont dues à un manque de connaissances.] ; human(MonCal.Interpret) ; IA(MonCal.Facts.DC)
[La courbe en J est bien remarquable avec les réponses correctes qui sont croissantes. Par contre, elle n'est pas respectée avec les réponses incorrectes, dû aux erreurs dangereuses] ; human(MonCal.Facts.DC) ; IA(3.MonCal.Facts.DC)
[La prochaine fois, je ferais attention aux tournures des phrases qui peuvent être dangereuses.] ; human(CTRL) ; IA(StratKldg)
[5 incorrectes, 5 ignorances, 22 correctes -> 24/32] ; human(MonCal.Facts.RF) ; IA(2.MonCal.Facts.RF)
[Courbe en J similaire pour les réponses correctes mais pas pour les incorrectes (moins exponentielle)] ; human(MonCal.Facts.DC) ; IA(MonCal.Facts.RF)
[Plutôt des erreurs d'inattention que du manque de réalisme.] ; human(StratKldg) ; IA(2.MonCal.Facts.RF)
[Pour les réponses incorrectes, il y a bien une courbe en J, par contre pour les réponses incorrectes la courbe n'a pas cette forme.] ; human(MonCal.Facts.DC) ; IA(MonCal.Facts.RF)
[Il y a pas mal de savoir fragile ce qui montre de la prudence.] ; human(MonCal.Interpret) ; IA(MonCal.Facts.DC)
[Pour le prochain test il faudrait que je fasse preuve de plus de certitude.] ; human(CTRL) ; IA(MotOrient.SelfEff)
[quelques difficultés en chimie.] ; human(DomKldg) ; IA(7.DomKldg)
[La courbe des réponses correctes ne correspond pas à la courbe en J car il y a beaucoup de savoirs fragiles] ; human(MonCal.Facts.DC) ; IA(3.MonCal.Facts.DC)
[Il faudrait qu'au prochain test je sois plus sûr de moi pour avoir moins de savoir fragile et aussi avoir moins d'erreurs dangereuses.] ; human(CTRL) ; IA(8.StratKldg)
[La chimie est vraiment dure, mais la physique c'est bien] ; human(DomKldg) ; IA(DomKldg  
MotOrient.Value)
[imprudence] ; human(MonCal.Interpret) ; IA(3. MonCal.Facts.DC)
[Mes courbes sont loin de celle en J] ; human(MonCal.Facts.DC) ; IA(1.MonCal.Interpret)
[je suis mi prudente/ mi imprudente.] ; human(MonCal.Interpret) ; IA(BDS.Emotions)
[Lors du prochain test, il faudrait que je prenne plus de temps sur les questions pour réellement réfléchir parce que là j'avais un peu la flemme de réfléchir à 100%. Et passer plus de temps sur les questions où je pense être certaine.] ; human(CTRL) ; IA(StratKldg)
[ce qui traduit encore une légère imprudence] ; human(MonCal.Interpret) ; IA(3.MonCal.Facts.DC)
[il faut revoir certaines choses de mon cours] ; human(CTRL) ; IA(DomKldg)
[Afin d'être plus réaliste lors du prochain test, une meilleure connaissance de son cours serait préférable] ; human(CTRL) ; IA(7.DomKldg)
[Pour les réponses correctes mes résultats correspondent à la courbe en J en général avec un pourcentage un peu trop élevé de savoir fragile.] ; human(MonCal.Facts.DC) ; IA(3.MonCal.Facts.DC)
[Pour devenir davantage réaliste je devrais réfléchir plus longtemps sur certaines questions et faire attention aux pièges.] ; human(CTRL) ; IA(StratKldg)
[Erreur dangereuse 4, Erreur présumée 3, savoir certain 24, 1 ignorance déclarée] ; human(MonCal.Facts.DC) ; IA(3.MonCal.Facts.DC)
[J'ai eu tout juste en physique, mais j'ai plus de mal en chimie car c'est moins concret. Les formules sont dures à comprendre donc à apprendre. De plus, mes erreurs dangereuses en chimie montrent que je n'ai pas tout compris.] ; human(DomKldg) ; IA(3.MonCal.Facts.DC  
7.DomKldg)
[Ce score global (par rapport aux erreurs dangereuses) est peut-être dût à de la précipitation] ; human(StratKldg) ; IA(1.MonCal.Facts.DC)
[La courbe en J au niveau des réponses incorrectes n'est pas bonne] ; human(MonCal.Facts.DC) ; IA(2.MonCal.Facts.RF)
[il y a trop d’assurance pour des réponses qui sont fausses] ; human(MotOrient.SelfEff) ; IA(3.MonCal.Facts.DC)
[Bon test permettant ainsi de connaitre la qualité des connaissances.] ; human(MotOrient.Value) ; IA(MonCal.Facts.RF)
[De bonnes connaissances dans certains domaines, comme de sérieuses lacunes dans d'autres.] ; human(DomKldg) ; IA(7.DomKldg)
[6 erreurs dangereuses, 18 savoirs certains et 4 savoir fragiles, 1 erreur présumée.] ; human(MonCal.Facts.DC) ; IA(3.MonCal.Facts.DC)
[Cela révèle probablement d'imprudence considérable mais de sureté bénéfique.] ; human(MonCal.Interpret) ; IA(MonCal.Facts.DC)
[Lors du prochain test, il s'agira de se montrer moins sur à 100% sur des réponses, même pour les réponses où je suis sûr de moi] ; human(CTRL) ; IA(MotOrient.SelfEff)
[mon jugement n'est pas réaliste] ; human(MotOrient.SelfEff) ; IA(1.MonCal.Interpret)
[Je suis donc trop imprudent.] ; human(MonCal.Interpret) ; IA(BDS.Emotions)
[10 réponses correctes sur 20, score correct] ; human(MonCal.Facts.RF) ; IA(2.MonCal.Facts.RF)
[trois erreurs dangereuses (à80%) qui sont dues à une mauvaise lecture de l'énoncé et une confusion entre plusieurs éléments de la consigne] ; human(StratKldg) ; IA(3.MonCal.Facts.DC)
[Pour un meilleur résultat la fois prochaine, il faudrait ouvrir le livre de SPC notamment sur la mécanique] ; human(CTRL) ; IA(StratKldg)
[Pour la prochaine fois, essayer de prendre plus de temps dans la lecture de certaines questions] ; human(CTRL) ; IA(StratKldg)
[j'ai été beaucoup moins prudente que sur le dernier test, j'ai pris des risques] ; human(MonCal.Interpret) ; IA(4.BDS.Emotions)
[Il faut encore que je me concentre davantage sur les énoncés, prendre le temps de bien lire surtout sur la mécanique] ; human(CTRL) ; IA(StratKldg)
[des confusions et des souvenirs erronés du à des réponses données basées non pas sur un cours appris mais sur des souvenirs de classes et des exercices faits.] ; human(StratKldg) ; IA(7.DomKldg)
[j'ai fait beaucoup d'erreurs présumées] ; human(MonCal.Facts.DC) ; IA(3.MonCal.Facts.DC)
[j'ai échangé 2 valeurs dans une formule que je n'ai pas trop comprise] ; human(DomKldg) ; IA(StratKldg)
[j’ai des fois mal lu les consignes] ; human(StratKldg) ; IA(8.StratKldg)
[pour ce second test, j'ai eu 9 réponses correctes, 4 ignorances et 7 réponses incorrectes.] ; human(MonCal.Facts.RF) ; IA(2.MonCal.Facts.RF)
[je pense que le cours est moins maitrisé] ; human(StratKldg) ; IA(DomKldg)
[j'ai été plus réaliste] ; human(MotOrient.SelfEff) ; IA(MotOrient.Value)
[mes connaissances pas encore assez solides.] ; human(StratKldg) ; IA(7.DomKldg)
[mon problème réside dans ma précipitation] ; human(StratKldg) ; IA(MonCal.Facts.RF)
[J'ai eu 9 réponses incorrectes] ; human(MonCal.Facts.RF) ; IA(2.MonCal.Facts.RF)
[J'ai répondu trop vite aux questions. je n'ai pas assez réfléchi à certaines questions.] ; human(StratKldg) ; IA(8.StratKldg)
[j'ai pas revu le cours] ; human(StratKldg) ; IA(DomKldg)
[je suis allé trop vite et du coup mauvaise lecture/compréhension] ; human(StratKldg) ; IA(8.StratKldg)
[un manque d'attention sur certains détails] ; human(StratKldg) ; IA(7.DomKldg)
[une confusion dans mes connaissances] ; human(DomKldg) ; IA(3.MonCal.Facts.DC)
[il faut que je révise les formules de Kepler et revoir les charges électriques] ; human(DomKldg) ; IA(7.DomKldg)
[Chapitres pas assez bien travaillés] ; human(StratKldg) ; IA(DomKldg)
[mauvais apprentissage du cours] ; human(StratKldg) ; IA(DomKldg)
[bien relire les consignes] ; human(StratKldg) ; IA(MotOrient.Value)
