[Cela révèle que je ne suis pas sûr de mes réponses] ; human(MotOrient.SelfEff) ; IA(MonCal.Interpret)
[Pour espérer davantage au prochain test il va falloir que je révise plus ce qui me permettra d'avoir de l'assurance et de la justesse dans mes réponses] ; human(CTRL) ; IA(MonCal.Interpret)
[Grâce à ces tests je vois qu'il faut que je m'améliore en mécanique car je n'ai pas du tout compris. J'ai beaucoup d'ignorance car je ne connais pas bien ma leçon. Je me sens plus à l'aise en chimie, mais je confonds encore beaucoup stéréoisomère, énantiomère, de configuration, de conformation . . . J'ai aussi besoin de revoir les titrages car je n'arrive pas à faire les calculs.] ; human(DomKldg) ; IA(MonCal.Interpret
   DomKldg
   StratKldg
   GrATS.Emotions
   DomKldg
   GrATS.SelfEff
   MonCal.Facts.DC)
[Généralement pas sur de moi] ; human(MotOrient.SelfEff) ; IA(MonCal.Interpret)
[je préfère ne pas me risquer à dire que c'est juste si ça peut ne pas l'être] ; human(StratKldg) ; IA(MonCal.Interpret)
[Score attribué au fait que je n'étais pas assez attentive et concentrée lors du test.] ; human(StratKldg) ; IA(MonCal.Interpret)
[Le diagramme de réponses correctes est proche de la courbe en J, tandis que la courbe des réponses incorrectes ne l'est pas.] ; human(MonCal.Facts.DC) ; IA(MonCal.Facts.RF)
[Cela révèle que je dois être plus prudente concernant les questions ou je pense avoir faux pour espérer être davantage réaliste] ; human(Interpret) ; IA(MonCal.Interpret)
[Lors d'un prochain test, je devrais être moins certaine de moi sur les réponses ou j'hésite et être + prudente.] ; human(CTRL) ; IA(MonCal.Interpret)
[Beaucoup des sujets je n'avais pas révisé du tout encore] ; human(StratKldg) ; IA(MonCal.Interpret)
[je n'étais pas très concentrée] ; human(StratKldg) ; IA(MonCal.Interpret)
[mes connaissances sont encore trop fragiles, je n'ai toujours pas commencé les révisions pour les chapitres (illisible) particulièrement dans le chapitre sur les lois de Newton et la relation entre les acides et les bases.] ; human(DomKldg) ; IA(MonCal.Facts.DC)
[Je vais tenter de plus travailler pour le prochain test afin d'avoir un meilleur résultat que ceux obtenus cette fois.] ; human(CTRL) ; IA(MonCal.Interpret)
[Je n'avais pas du tout revu les lois de Kepler et des satellites.] ; human(DomKldg) ; IA(MonCal.Facts.DC)
[Toutefois, cela permet très certainement de cibler les points faibles. Le test est toujours utile.] ; human(MotOrient.Value) ; IA(MonCal.Facts.RF)
[Après avoir relu mes erreurs, j'ai remarqué que ces erreurs provenaient d'une erreur de lecture de la question et rarement d'une réelle erreur / lacune dans mes connaissances.] ; human(StratKldg) ; IA(MonCal.Interpret)
[à l'avenir, il faudrait que je prenne plus mon temps pour lire les questions et évaluer réellement mes connaissances et lacunes] ; human(CTRL) ; IA(MonCal.Interpret)
[je suis relativement déçue] ; human(BDS.Emotions) ; IA(MonCal.Interpret)
[Sur la partie mécanique j'ai été plus confiant, à juste titre, alors que dans la partie chimie j'ai été plus prudent (aussi à juste titre)] ; human(MotOrient.SelfEff) ; IA(MonCal.Interpret)
[Je suis aussi surpris de mon score pour la partie chimie] ; human(BDS.Emotions) ; IA(MonCal.Interpret)
[Pour être plus sur de moi il faudrait que je révise plus la chimie pour solidifier mes connaissances.] ; human(DomKldg) ; IA(MonCal.Kldg)
[Par rapport à la dernière fois j'ai fait moins d'erreurs d'inattention car j'ai bien vérifié même les questions que j'ai eu juste.] ; human(StratKldg) ; IA(MonCal.Facts.RF)
[n'ayant absolument pas relu ni réviser la mécanique et même la chimie] ; human(DomKldg) ; IA(MonCal.Interpret)
[Il y a aussi comme la dernière fois des erreurs d'inattention.] ; human(StratKldg) ; IA(MonCal.Facts.RF)
[je n'avais pas révisé presque la totalité de ce qu'il y avait] ; human(DomKldg) ; IA(MonCal.Interpret)
[j'ai plus de réponses correctes en chimie qu'en physique.] ; human(DomKldg) ; IA(MonCal.Facts.RF)
[J'ai plus confiance en mes résultats par rapport à la dernière fois] ; human(MotOrient.SelfEff) ; IA(MonCal.SelfEff)
[Je manque aussi de vocabulaire] ; human(DomKldg) ; IA(MonCal.DomKldg)
[ce test est très réaliste/ précis.] ; human(MotOrient.Value) ; IA(MonCal.Facts.RF)
[La plupart de mes mauvaises réponses sont dans la mécanique, car je n’ai pas appris, ni révisé cette partie avec la loi Kepler] ; human(DomKldg) ; IA(MonCal.Facts.DC)
[ce qui concerne les mauvaises réponses, c'est une mauvaise compréhension des questions] ; human(StratKldg) ; IA(MonCal.Interpret)
[j'ai essayé d'avoir confiance en moi.] ; human(MotOrient.SelfEff) ; IA(MonCal.SelfEff)
[Je n'avais pas révisé mes leçons] ; human(DomKldg) ; IA(MonCal.Interpret)
[D'après ma courbe, j'ai tendance à être à la fois trop prudente (avec 12 savoirs fragiles) et à la fois pas assez (7 erreurs dangereuses)] ; human(MonCal.Interpret) ; IA(MonCal.Facts.DC)
[Je pense qu'en essayant de relire mes leçons avant le test, je pourrais être plus sûre de mes réponses] ; human(StratKldg) ; IA(MonCal.Interpret)
[J'étais globalement moins sûre de moi que lors de la première fois,] ; human(MotOrient.SelfEff) ; IA(MonCal.Interpret)
[J'étais aussi peu attentive] ; human(StratKldg) ; IA(MonCal.Interpret)
[Les lois de Kepler sont à apprendre !] ; human(DomKldg) ; IA(MonCal.Interpret)
[la majorité de mes fautes n'étaient pas pressenties et mes réponses correctes étaient certaines] ; human(MonCal.Facts.DC) ; IA(MonCal.Facts.RF)
[J'ai essayé de passer à travers le test rapidement et en ai payé le prix.] ; human(StratKldg) ; IA(MonCal.Interpret)
[Cela me permet de savoir ce que je dois réviser et mes points faibles.] ; human(MotOrient.Value) ; IA(MonCal.Interpret)
[le plus grave ? les erreurs dangereuses que j'ai fait.] ; human(MonCal.Interpret) ; IA(MonCal.Facts.DC)
[La mécanique est un thème difficile et je suis dans l'ensemble trop sûre de moi en mécanique.] ; human(MotOrient.SelfEff) ; IA(MonCal.Interpret)
[Ce test m'a permis de réaliser que mes connaissances sont moins solides que ce que j'espérais] ; human(MotOrient.Value) ; IA(MonCal.Facts.DC)
[J'ai autant de réponses incorrectes que d'ignorances.] ; human(MonCal.Facts.RF) ; IA(MonCal.Facts.DC)
[9 réponses fausses (4 ! 5. . )3 ignorances20 réponses correctes (8 . . . 12 :)23/32] ; human(MonCal.Facts.RF) ; IA(9

  23/32

  MotOrient.Value

  DomKldg

  StratKldg)
[je ne suis pas du tout sûr de ce que je réponds en chimie] ; human(MotOrient.SelfEff) ; IA(MonCal.Interpret)
[Il faut donc que je révise les formules / équations de Kepler, Newton, et de l'accélération et pour la chimie : la nomenclature, la géométries des molécules et les acides/bases.] ; human(DomKldg) ; IA(MonCal.DomKldg)
[La courbe en J des réponses correctes montre qu'en général, je sais quand j'ai la bonne réponse. Cependant je ne sais pas forcément quand j'ai la mauvaise réponse, la courbe en J des réponses incorrectes m'indiquant beaucoup d'erreurs dangereuses et ne suivant pas la forme du J. Cela relève d'une certaine imprudence.] ; human(MonCal.Interpret) ; IA(MonCal.Facts.DC)
[Pour espérer devenir davantage réaliste lors du prochain test, je pourrais me fier davantage à mes réelles connaissances plutôt qu'à mes estimations sur quelle réponse pourrait être la bonne, si une question semble une question piège,] ; human(CTRL) ; IA(MonCal.Interpret)
[Il faut que je révise la chimie, car mes connaissances sont floues et donc la certitude de mes réponses est affectée.] ; human(DomKldg) ; IA(MonCal.Facts.DC)
[Il faut que je regarde les questions de plus près car la formulation peut être trompeuse à certains moments.] ; human(StratKldg) ; IA(MonCal.Interpret)
[Le test m'a permis de me donner de la confiance dans mes connaissances et mon savoir.] ; human(MotOrient.SelfEff) ; IA(MonCal.SelfEff)
[Pour le prochain test, il faudrait que je me laisse un peu plus de temps avant de répondre et bien analyser les docs.] ; human(CTRL) ; IA(MonCal.Interpret)
[Il y a un manque de rigueur car j'ai mal lu les énoncés et cela m'a induit en erreur et c'est pour cela que j'ai eu des réponses qui étaient erronées] ; human(StratKldg) ; IA(MonCal.Facts.RF)
[C'est un peu meilleur que le premier test mais c'est parce que les questions étaient sur des chapitres vus en Terminale tandis que le premier test était sur des chapitres vus en Première.] ; human(DomKldg) ; IA(MonCal.Facts.RF)
[On peut dire que j'ai eu ce score car je ne révise jamais sauf la veille ou le jour même d'un contrôle, j'aurais sûrement un meilleur score en révisant régulièrement] ; human(StratKldg) ; IA(MonCal.Interpret)
[Pour le prochain test, je devrais approfondir les bases du cours (non-acquis) avec des exercices.] ; human(CTRL) ; IA(DomKldg)
[J'ai mal jugé mes réponses et surestimé mes compétences] ; human(MotOrient.SelfEff) ; IA(MonCal.Interpret)
[Ce test m'a permis de comprendre que je dois faire plus attention aux énoncés.] ; human(MotOrient.Value) ; IA(MonCal.Interpret)
[6 erreurs dangereuses, 3 présumées, 4 ignorances déclarée, 3 savoir fragile, 16 savoir certain] ; human(MonCal.Facts.DC) ; IA(MonCal.Facts.DC
   MotOrient.Value
   DomKldg
   StratKldg
   BDS.Emotions
   MonCal.Interpret
   MotOrient.SelfEff
   CTRL)
[Relativement satisfait car peu d'erreurs et peu savoir fragile comme je le pensais lors du test. J'étais assez souvent très sûr de moi.] ; human(MonCal.Interpret) ; IA(MonCal.Interpret
   MonCal.Facts.RF
   MotOrient.SelfEff)
[5 réponse dangereuse, 1 erreur présumée, 5 ignorance déclarée, 6 savoir fragile et 15 certain] ; human(MonCal.Facts.DC) ; IA(5 (MonCal.Facts.DC)
 1 (MonCal.Facts.RF)
 5 (DomKldg)
 6 (MonCal.Interpret)
 15 (MonCal.Facts.DC))
[e trouve que j'ai été trop rapide dans mes choix de réponse ainsi à l'avenir il me faudra être plus réfléchi. Aussi des petites révisions ne me feraient pas de mal.] ; human(StratKldg) ; IA(MonCal.Interpret)
[Je pense que je peux m'améliorer en étant plus prudente et en faisant plus attention aux énoncés.] ; human(CTRL) ; IA(MonCal.Interpret)
[Cela Vient en parti du fait que je ne connaissais pas les formules du cours et d'interprétations fausses des documents] ; human(DomKldg) ; IA(MonCal.Interpret)
[Les courbes ne sont pas en J (légèrement pour les bonnes réponses, mais pas du tout sur les mauvaises)] ; human(MonCal.Facts.DC) ; IA(MonCal.Facts.RF)
[j'ai tendance à être trop sûre de moi.] ; human(MotOrient.SelfEff) ; IA(MonCal.Interpret)
[Mon savoir est là, mais cependant je fais encore trop d'erreurs d'inattention sur des choses bêtes. Il faut que je me concentre tout le long pour répondre à toutes les questions.] ; human(StratKldg) ; IA(MonCal.Interpret)
[Cela révèle mon énorme manque de confiance en moi] ; human(MotOrient.SelfEff) ; IA(MonCal.SelfEff)
[J'ai aussi appris que je suis incapable de me concentrer devant un écran d'ordinateur, je vais trop vite du coup je comprends mal les énoncés et les questions] ; human(StratKldg) ; IA(MonCal.Interpret)
[Je suis toujours trop sûr de mes réponses] ; human(MotOrient.SelfEff) ; IA(MonCal.Interpret)
[Je dois mieux lire les énoncés et être plus attentif sur les réponses] ; human(StratKldg) ; IA(MonCal.Interpret)
[Pour m'améliorer, je pourrais donc prendre plus de temps pour répondre et assimiler les énoncés.] ; human(CTRL) ; IA(MonCal.Interpret)
[des connaissances certaines dans le domaine de la physique chimie] ; human(DomKldg) ; IA(MonCal.Facts.DC)
[mes 7 erreurs dangereuses peuvent relever une certaine imprudence] ; human(MonCal.Interpret) ; IA(MonCal.Facts.DC)
[Afin de devenir davantage réaliste lors du prochain test, il me faudra être plus technique dans mes connaissances en physique chimie.] ; human(CTRL) ; IA(MonCal.Interpret)
[je pense être plutôt réaliste et ne pas avoir besoin de devenir beaucoup plus réaliste] ; human(MotOrient.SelfEff) ; IA(MonCal.Interpret)
[ce test ne m'apporte pas grand-chose, que quelques connaissances sur quelques détails précis] ; human(MotOrient.Value) ; IA(MonCal.Interpret)
[Je devrais être plus attentif sur les questions.] ; human(StratKldg) ; IA(MonCal.Interpret)
[J'ai appris que je devrais me fier plus à mes connaissances qu'à la pertinence de la question] ; human(MotOrient.Value) ; IA(MonCal.Interpret)
[un savoir certain , 4 savoir fragile , pour les erreurs, 5 erreur dangereuse et 7 erreur présumée] ; human(MonCal.Facts.DC) ; IA(4 MonCal.Facts.DC, 5 MonCal.Facts.RF, 7 DomKldg, 1 MonCal.Interpret, 2 MonCal.Facts.RF, 9 CTRL)
[Je repère beaucoup de prudence car je peux présumer mes erreurs éventuel , ce qui me permet d'avoir peut d'erreur dangereuse.] ; human(MonCal.Interpret) ; IA(MonCal.Facts.DC)
[Pour m'améliorer davantage, il faut que je réponde plus spontanément car il y a des questions où j'ai trop hésité] ; human(CTRL) ; IA(MonCal.Interpret)
[Ces erreurs dangereuses sont dues à un manque de connaissances.] ; human(MonCal.Interpret) ; IA(MonCal.Facts.DC)
[La prochaine fois, je ferais attention aux tournures des phrases qui peuvent être dangereuses.] ; human(CTRL) ; IA(MonCal.Facts.DC)
[Courbe en J similaire pour les réponses correctes mais pas pour les incorrectes (moins exponentielle)] ; human(MonCal.Facts.DC) ; IA(MonCal.Interpret)
[Plutôt des erreurs d'inattention que du manque de réalisme.] ; human(StratKldg) ; IA(MonCal.Interpret)
[sachant que je n'étais pas là pour la leçon de géométrie moléculaire et que je n'ai pas très bien compris] ; human(DomKldg) ; IA(MonCal.Interpret)
[Pour les réponses incorrectes, il y a bien une courbe en J, par contre pour les réponses incorrectes la courbe n'a pas cette forme.] ; human(MonCal.Facts.DC) ; IA(MonCal.Facts.RF)
[Il y a pas mal de savoir fragile ce qui montre de la prudence.] ; human(MonCal.Interpret) ; IA(MonCal.Facts.DC)
[Pour le prochain test il faudrait que je fasse preuve de plus de certitude.] ; human(CTRL) ; IA(MonCal.SelfEff)
[quelques difficultés en chimie.] ; human(DomKldg) ; IA(MonCal.Facts.RF)
[Il faudrait qu'au prochain test je sois plus sûr de moi pour avoir moins de savoir fragile et aussi avoir moins d'erreurs dangereuses.] ; human(CTRL) ; IA(MonCal.SelfEff)
[La chimie est vraiment dure, mais la physique c'est bien] ; human(DomKldg) ; IA(MonCal.Interpret)
[donc je suis trop confiante] ; human(MotOrient.SelfEff) ; IA(MonCal.Interpret)
[Mes courbes sont loin de celle en J] ; human(MonCal.Facts.DC) ; IA(MonCal.Interpret)
[Lors du prochain test, il faudrait que je prenne plus de temps sur les questions pour réellement réfléchir parce que là j'avais un peu la flemme de réfléchir à 100%. Et passer plus de temps sur les questions où je pense être certaine.] ; human(CTRL) ; IA(MonCal.Interpret)
[ce qui traduit encore une légère imprudence] ; human(MonCal.Interpret) ; IA(MonCal.Facts.RF)
[Pour la prochaine je dois être plus prudente] ; human(CTRL) ; IA(MonCal.Interpret)
[il faut revoir certaines choses de mon cours] ; human(CTRL) ; IA(MonCal.Interpret)
[Afin d'être plus réaliste lors du prochain test, une meilleure connaissance de son cours serait préférable] ; human(CTRL) ; IA(MonCal.Interpret)
[Globalement 24/32 ce n’est pas trop mal pour moi] ; human(MonCal.Facts.RF) ; IA(MonCal.Interpret)
[Pour devenir davantage réaliste je devrais réfléchir plus longtemps sur certaines questions et faire attention aux pièges.] ; human(CTRL) ; IA(MonCal.Interpret)
[Erreur dangereuse 4, Erreur présumée 3, savoir certain 24, 1 ignorance déclarée] ; human(MonCal.Facts.DC) ; IA(4
 3
  24
 DomKldg

Explications :
4 - MonCal.Facts.DC : Erreur dangereuse est une observation factuelle sur les résultats du test, incluant des remarques sur la quantité derreurs dangereuses.
3 - MonCal.Facts.DC : Erreur présumée est une observation factuelle sur les résultats du test, incluant des remarques sur la quantité derreurs présumées.
24 - BDS.Emotions : Ce nombre 24 peut être considéré comme une indication de lignorance déclarée de létudiant car souvent un étudiant indique le nombre de questions quil ne sait pas répondre en utilisant des mots tels que "jignore" ou "je nai aucune idée". En loccurrence, il ny a aucun signe dinterprétations subjectives, de remarques sur le nombre/quantité de réponses correctes et incorrectes, de connaissances fragiles, de connaissances certaines, ou de stratégies dapprentissage utilisées pendant le test.)
[J'ai eu tout juste en physique, mais j'ai plus de mal en chimie car c'est moins concret. Les formules sont dures à comprendre donc à apprendre. De plus, mes erreurs dangereuses en chimie montrent que je n'ai pas tout compris.] ; human(DomKldg) ; IA(MonCal.Facts.DC
   BDS.Emotions
   StratKldg
   DomKldg)
[Ce score global (par rapport aux erreurs dangereuses) est peut-être dût à de la précipitation] ; human(StratKldg) ; IA(MonCal.Interpret)
[La courbe en J au niveau des réponses incorrectes n'est pas bonne] ; human(MonCal.Facts.DC) ; IA(MonCal.Facts.RF)
[il y a trop d’assurance pour des réponses qui sont fausses] ; human(MotOrient.SelfEff) ; IA(MonCal.Interpret)
[Je pourrais être plus réaliste en lisant mieux les questions.] ; human(StratKldg) ; IA(MonCal.Interpret)
[Des bonnes connaissances dans certains chapitres et des manques de connaissances notamment pour les ondes et le titrage, ainsi que les représentations des molécules dans l'espace.] ; human(DomKldg) ; IA(MonCal.Kldg)
[Bon test permettant ainsi de connaitre la qualité des connaissances.] ; human(MotOrient.Value) ; IA(MonCal.Facts.RF)
[De bonnes connaissances dans certains domaines, comme de sérieuses lacunes dans d'autres.] ; human(DomKldg) ; IA(MonCal.Interpret)
[Les erreurs dangereuses viennent du fait que je lis parfois trop vite et de ce fait j'oublie des informations] ; human(StratKldg) ; IA(MonCal.Facts.DC)
[Je suis allée beaucoup trop vite sur certaines questions] ; human(StratKldg) ; IA(MonCal.Facts.RF)
[je ne me suis pas fait assez confiance.] ; human(MotOrient.SelfEff) ; IA(MonCal.SelfEff)
[Pour les réponses incorrectes, mes résultats vont en descendant en fonction du degré de certitude mais les réponses correctes suivent la courbe en J] ; human(MonCal.Facts.DC) ; IA(MonCal.Interpret)
[Cela révèle probablement d'imprudence considérable mais de sureté bénéfique.] ; human(MonCal.Interpret) ; IA(MonCal.Facts.DC)
[Lors du prochain test, il s'agira de se montrer moins sur à 100% sur des réponses, même pour les réponses où je suis sûr de moi] ; human(CTRL) ; IA(MonCal.Interpret)
[mon jugement n'est pas réaliste] ; human(MotOrient.SelfEff) ; IA(MonCal.Interpret)
[Certaines de ces erreurs sont dues à un manque de réflexion par rapport aux questions (ex: confondre semi-équation et équation de réaction)] ; human(StratKldg) ; IA(MonCal.Interpret)
[Mes fautes sont surtout en chimie, c'est tout à fait normal car je ne comprends pas trop certaines méthodes à faire] ; human(DomKldg) ; IA(MonCal.Interpret)
[Il faut que je travaille mieux mes notions] ; human(StratKldg) ; IA(MonCal.Interpret)
[L'objectif est donc une attention plus marquée dans la lecture des questions] ; human(StratKldg) ; IA(MonCal.Interpret)
[Le cours doit être relu et mieux compris. Bonne compréhension pour la réaction d'oxydation, la diffraction et les lois de Newton.] ; human(DomKldg) ; IA(MonCal.Interpret)
[trois erreurs dangereuses (à80%) qui sont dues à une mauvaise lecture de l'énoncé et une confusion entre plusieurs éléments de la consigne] ; human(StratKldg) ; IA(MonCal.Facts.DC)
[ce qui témoigne d'une bonne connaissance d'une partie du programme et une connaissance partielle d'une autre partie du programme] ; human(DomKldg) ; IA(MonCal.Interpret)
[Pour un meilleur résultat la fois prochaine, il faudrait ouvrir le livre de SPC notamment sur la mécanique] ; human(CTRL) ; IA(MonCal.Interpret)
[j'ai souvent répondu trop vite] ; human(StratKldg) ; IA(MonCal.Facts.RF)
[Pour la prochaine fois, essayer de prendre plus de temps dans la lecture de certaines questions] ; human(CTRL) ; IA(MonCal.Interpret)
[Il faut encore que je me concentre davantage sur les énoncés, prendre le temps de bien lire surtout sur la mécanique] ; human(CTRL) ; IA(MonCal.Interpret)
[9 savoir certain 4 fragile 4 erreurs présumées et 3 dangereuses.] ; human(MonCal.Facts.DC) ; IA(MonCal.Facts.DC
   DomKldg
   BDS.Emotions
   CTRL)
[des confusions et des souvenirs erronés du à des réponses données basées non pas sur un cours appris mais sur des souvenirs de classes et des exercices faits.] ; human(StratKldg) ; IA(MonCal.Interpret)
[mes erreurs viennent majoritairement du fait que je ne comprends absolument pas le chapitre de chimie sur lequel nous avons eu des questions (solution titrante/titrée, ph, pka)] ; human(DomKldg) ; IA(MonCal.Interpret)
[j'ai échangé 2 valeurs dans une formule que je n'ai pas trop comprise] ; human(DomKldg) ; IA(MonCal.Interpret)
[je n'ai pas bien relu mes chapitres] ; human(StratKldg) ; IA(MonCal.Interpret)
[j’ai des fois mal lu les consignes] ; human(StratKldg) ; IA(MonCal.Facts.RF)
[Je dois revoir les chapitres de chimie (acido-basique) et également en mécanique, les lois de Kepler et la mécanique des électrons.] ; human(DomKldg) ; IA(MonCal.DomKldg)
[J’aurais mieux réussis si j’avais pu poser les questions à l'écrit sur une feuille et si j'avais pour prendre mon temps en recontextualisant les questions qui ont déjà été vues en classes ou évaluation.] ; human(StratKldg) ; IA(MonCal.Interpret)
[je pense que le cours est moins maitrisé] ; human(StratKldg) ; IA(MonCal.Interpret)
[je n'ai pas pris le temps de bien comprendre les énoncés] ; human(StratKldg) ; IA(MonCal.Interpret)
[J'ai quand même pu corriger le problème du premier test sur le fait que je n'avais pas confiance en moi] ; human(MotOrient.SelfEff) ; IA(MonCal.Interpret)
[dans certaines questions je n’étais pas concentré sur le sujet] ; human(StratKldg) ; IA(MonCal.Interpret)
[Incompréhension acide/base + titrage] ; human(DomKldg) ; IA(MonCal.Facts.DC)
[j'ai été plus réaliste] ; human(MotOrient.SelfEff) ; IA(MonCal.Interpret)
[mes connaissances pas encore assez solides.] ; human(StratKldg) ; IA(MonCal.Facts.DC)
[Ceci démontre de mon évolution sur le plan mental notamment. Dans mon assurance à répondre aux questions.] ; human(MotOrient.SelfEff) ; IA(MonCal.Interpret)
[mon problème réside dans ma précipitation] ; human(StratKldg) ; IA(MonCal.Interpret)
[J'ai répondu trop vite aux questions. je n'ai pas assez réfléchi à certaines questions.] ; human(StratKldg) ; IA(MonCal.Interpret)
[j'ai pas revu le cours] ; human(StratKldg) ; IA(DomKldg)
[je suis allé trop vite et du coup mauvaise lecture/compréhension] ; human(StratKldg) ; IA(MonCal.Interpret)
[un manque d'attention sur certains détails] ; human(StratKldg) ; IA(MonCal.Interpret)
[une confusion dans mes connaissances] ; human(DomKldg) ; IA(MonCal.Interpret)
[Des erreurs que je pouvait éviter souvent dû au manque de concentration] ; human(StratKldg) ; IA(MonCal.Interpret)
[il faut que je révise les formules de Kepler et revoir les charges électriques] ; human(DomKldg) ; IA(MonCal.Facts.RF)
[Chapitres pas assez bien travaillés] ; human(StratKldg) ; IA(DomKldg)
[5 dangereuses, 2 présumées, 1 ignorance , 4 fragiles, 8 certains] ; human(MonCal.Facts.DC) ; IA(MonCal.Facts.DC DomKldg StratKldg)
[mauvais apprentissage du cours] ; human(StratKldg) ; IA(DomKldg)
[bien relire les consignes] ; human(StratKldg) ; IA(MonCal.Interpret)
[Difficultés dans le chapitre sur la loi de Newton] ; human(DomKldg) ; IA(MonCal.Interpret)
