[Grâce à ces tests je vois qu'il faut que je m'améliore en mécanique car je n'ai pas du tout compris. J'ai beaucoup d'ignorance car je ne connais pas bien ma leçon. Je me sens plus à l'aise en chimie, mais je confonds encore beaucoup stéréoisomère, énantiomère, de configuration, de conformation . . . J'ai aussi besoin de revoir les titrages car je n'arrive pas à faire les calculs.] ; human(DomKldg) ; IA(DomKldg  
StratKldg  

Cette classification est basée sur le contenu du commentaire. Le commentaire identifie des domaines disciplinaires et des concepts spécifiques qui nécessitent une amélioration (mécanique, stéréoisomères, énantiomères), ce qui correspond à "DomKldg". De plus, il mentionne les défis rencontrés lors du calcul de titrage et la confusion autour de certaines notions chimiques, indiquant des stratégies dapprentissage ou un manque de compréhension, ce qui saligne avec "StratKldg".)
[1 réponse dangereuse] ; human(MonCal.Facts.DC) ; IA(MonCal.Facts.RF)
[je préfère ne pas me risquer à dire que c'est juste si ça peut ne pas l'être] ; human(StratKldg) ; IA(MonCal.Interpret)
[Score attribué au fait que je n'étais pas assez attentive et concentrée lors du test.] ; human(StratKldg) ; IA(MonCal.Facts.RF)
[Cela révèle que je dois être plus prudente concernant les questions ou je pense avoir faux pour espérer être davantage réaliste] ; human(Interpret) ; IA(CTRL)
[Beaucoup des sujets je n'avais pas révisé du tout encore] ; human(StratKldg) ; IA(DomKldg)
[à l'avenir, il faudrait que je prenne plus mon temps pour lire les questions et évaluer réellement mes connaissances et lacunes] ; human(CTRL) ; IA(CTRL  
MotOrient.SelfEff)
[j'ai eu tendance à faire preuve d'imprudence et à évaluer, à tort, mes réponses comme justes] ; human(MonCal.Interpret) ; IA(MonCal.Interpret

Ce commentaire implique une interprétation subjective des résultats du test, en se concentrant sur limprudence et les auto-évaluations erronées de ses réponses. Il sagit dune perspective personnelle sur sa performance au-delà des faits simples.)
[Sur la partie mécanique j'ai été plus confiant, à juste titre, alors que dans la partie chimie j'ai été plus prudent (aussi à juste titre)] ; human(MotOrient.SelfEff) ; IA(MonCal.Interpret)
[Je suis aussi surpris de mon score pour la partie chimie] ; human(BDS.Emotions) ; IA(MotOrient.SelfEff)
[Pour être plus sur de moi il faudrait que je révise plus la chimie pour solidifier mes connaissances.] ; human(DomKldg) ; IA(MotOrient.SelfEff)
[Par rapport à la dernière fois j'ai fait moins d'erreurs d'inattention car j'ai bien vérifié même les questions que j'ai eu juste.] ; human(StratKldg) ; IA(CTRL)
[le nombre de erreurs dangereuses a diminué] ; human(MonCal.Facts.DC) ; IA(MonCal.Facts.RF)
[je devrais peut-être être un peu plus prudent] ; human(MonCal.Interpret) ; IA(CTRL)
[j'ai plus de réponses correctes en chimie qu'en physique.] ; human(DomKldg) ; IA(MonCal.Facts.RF)
[ce test est très réaliste/ précis.] ; human(MotOrient.Value) ; IA(MonCal.Facts.RF

Ce commentaire reflète une observation factuelle sur la nature du test lui-même, en se concentrant sur les adjectifs "réaliste" et "précis." Ces termes décrivent des caractéristiques mesurables ou perçues de lexpérience du test plutôt que de sappuyer sur une émotion personnelle, une intention future, ou un jugement subjectif. Bien quil ne mentionne pas explicitement le nombre correct/incorrect, il suggère une fiabilité dans la mesure des compétences du testeur qui est alignée avec les observations factuelles sur la performance ou lexpérience du test.)
[ce qui concerne les mauvaises réponses, c'est une mauvaise compréhension des questions] ; human(StratKldg) ; IA(MonCal.Facts.RF)
[J'ai quand même beaucoup d'erreurs dangereuses (6 au total). J'ai 2 ignorance déclarée, ce qui est relativement peu. Dans mes réponses correctes, j'ai plus de savoir fragile que de savoir certain.] ; human(MonCal.Facts.DC) ; IA(MonCal.Facts.DC  
MonCal.Facts.RF  

Les informations fournies dans le commentaire mentionnent des erreurs dangereuses, ignorance déclarée et savoirs fragiles/certains, ce qui se rapporte aux faits concernant les erreurs et les résultats. Cela correspond à la classe MonCal.Facts.DC. En outre, il inclut des données quantitatives sur les réponses correctes (savoir fragile vs savoir certain), ce qui saligne également avec MonCal.Facts.RF.)
[Je pense qu'en essayant de relire mes leçons avant le test, je pourrais être plus sûre de mes réponses] ; human(StratKldg) ; IA(CTRL)
[Cela me permet de savoir ce que je dois réviser et mes points faibles.] ; human(MotOrient.Value) ; IA(DomKldg)
[le plus grave ? les erreurs dangereuses que j'ai fait.] ; human(MonCal.Interpret) ; IA(MonCal.Facts.DC)
[La mécanique est un thème difficile et je suis dans l'ensemble trop sûre de moi en mécanique.] ; human(MotOrient.SelfEff) ; IA(MotOrient.SelfEff  
BDS.Emotions  

Ce commentaire contient à la fois des aspects dauto-évaluation et émotionnels :

1. "Je suis dans lensemble trop sûre de moi en mécanique" - Cette partie indique une forte confiance en soi, qui est liée à la classe `MotOrient.SelfEff`. Le mot-clé pertinent ici est "sûr de moi".

2. La référence au thème difficile et lexpression générale dêtre "trop sûre" impliquent également une émotion sous-jacente, ce qui le relie potentiellement à la classe `BDS.Emotions`. Cela reflète comment les étudiants perçoivent leur confiance en relation avec un domaine quils trouvent difficile.

En raison de ces éléments, il est pertinent de considérer les deux classes : `MotOrient.SelfEff` et `BDS.Emotions`. Si une classification unique doit être choisie, la confiance déclarée ("trop sûre") suggère plus fortement `MotOrient.SelfEff`.

classe
MotOrient.SelfEff)
[Ce test m'a permis de réaliser que mes connaissances sont moins solides que ce que j'espérais] ; human(MotOrient.Value) ; IA(MotOrient.SelfEff)
[avec 5 savoir fragile et 15 savoir certain] ; human(MonCal.Facts.DC) ; IA(MonCal.Facts.DC  
MonCal.Facts.RF  

Ce commentaire mentionne le nombre de "savoirs fragiles" et "savoirs certains", ce qui correspond aux observations factuelles associées à MonCal.Facts.DC. Il inclut également des nombres spécifiques, ce qui se rapporte à MonCal.Facts.RF.)
[c'est bien de voir que la plupart du temps je suis certaine quand j'ai raison] ; human(MonCal.Interpret) ; IA(MotOrient.SelfEff)
[Il faut que je regarde les questions de plus près car la formulation peut être trompeuse à certains moments.] ; human(StratKldg) ; IA(MonCal.Interpret)
[5 : erreurs dangereuses, 6 erreurs présumées, 11 savoirs fragiles, 10 savoir certains :] ; human(MonCal.Facts.DC) ; IA(MonCal.Facts.DC  
MonCal.Facts.RF

Étant donné que le commentaire mentionne les erreurs dangereuses et les erreurs présumées, qui sont des termes clés pour la classe MonCal.Facts.DC, ainsi que les savoirs fragiles et certains (qui correspondent également aux observations factuelles), il est pertinent de considérer à la fois cette catégorie et MonCal.Facts.RF. Cependant, en se concentrant sur laspect de la distinction des types derreurs et des connaissances, qui est central dans les faits de domaine du test, MonCal.Facts.DC est le choix le plus approprié.

classe
MonCal.Facts.DC)
[On peut dire que j'ai eu ce score car je ne révise jamais sauf la veille ou le jour même d'un contrôle, j'aurais sûrement un meilleur score en révisant régulièrement] ; human(StratKldg) ; IA(CTRL)
[Beaucoup de savoir certain avec 5 erreurs dangereuses.] ; human(MonCal.Facts.DC) ; IA(MonCal.Facts.DC  
MonCal.Facts.RF  

Ce commentaire contient des éléments des deux classes MonCal.Facts.DC et MonCal.Facts.RF. Il mentionne "beaucoup de savoir certain" qui est pertinent pour la classe MonCal.Facts.DC car il concerne les observations factuelles sur les types spécifiques de connaissances testées (connaissances certaines). De plus, il fait référence à "5 erreurs dangereuses", ce qui le rend également pertinent pour la même classe en raison de son accent sur une catégorie spécifique derreurs. En outre, il évoque un aspect quantitatif ("beaucoup" et "5"), le reliant ainsi à MonCal.Facts.RF, car cette classe concerne les observations factuelles sur le nombre/quantité de réponses correctes et incorrectes.)
[Ce test m'a permis de comprendre que je dois faire plus attention aux énoncés.] ; human(MotOrient.Value) ; IA(CTRL)
[6 erreurs dangereuses, 3 présumées, 4 ignorances déclarée, 3 savoir fragile, 16 savoir certain] ; human(MonCal.Facts.DC) ; IA(MonCal.Facts.RF  
MonCal.Facts.DC  

Les commentaires fournis incluent des descriptions factuelles concernant le nombre derreurs dangereuses, derreurs présumées, dignorances déclarées, de savoirs fragiles et de savoirs certains. Par conséquent, ils peuvent être classés dans les catégories MonCal.Facts.RF (observations factuelles sur le nombre/quantité de réponses correctes et incorrectes) et MonCal.Facts.DC (observations factuelles sur les savoirs fragiles, savoirs certains, erreurs dangereuses et erreurs présumées).)
[Relativement satisfait car peu d'erreurs et peu savoir fragile comme je le pensais lors du test. J'étais assez souvent très sûr de moi.] ; human(MonCal.Interpret) ; IA(MotOrient.SelfEff)
[5 réponse dangereuse, 1 erreur présumée, 5 ignorance déclarée, 6 savoir fragile et 15 certain] ; human(MonCal.Facts.DC) ; IA(MonCal.Facts.DC  
MonCal.Facts.RF  

Les deux classifications sont applicables. Le commentaire inclut des informations qui salignent à la fois sur les observations factuelles des résultats du test (nombre de réponses correctes/incorrectes) et les observations factuelles spécifiques concernant savoirs fragiles, savoirs certains, erreurs dangereuses et erreurs présumées. Par conséquent, il est approprié pour les deux classes :

- MonCal.Facts.DC : En raison de la mention des "erreurs dangereuses", "erreurs présumées", "ignorance déclarée", "savoir fragile" et "certain".
  
- MonCal.Facts.RF : Parce quil fait référence à divers types de réponses (correctes/incorrectes) sous forme dobservations factuelles.)
[Globalement, il y a plus de réponses savoir certain que d'erreur dangereuse ,] ; human(MonCal.Facts.DC) ; IA(MonCal.Facts.RF  
MonCal.Facts.DC  

Note : Le commentaire inclut des observations factuelles sur les résultats du test, mentionnant le nombre de réponses connues avec certitude par rapport aux erreurs dangereuses. Cela saligne à la fois sur MonCal.Facts.RF (pour les observations générales sur les correctes/incorrectes) et MonCal.Facts.DC (en mettant en évidence laspect des "erreurs dangereuses" et du "savoir certain").)
[e trouve que j'ai été trop rapide dans mes choix de réponse ainsi à l'avenir il me faudra être plus réfléchi. Aussi des petites révisions ne me feraient pas de mal.] ; human(StratKldg) ; IA(CTRL

Dans le commentaire fourni, létudiant exprime une intention concernant un comportement futur en raison dune réflexion sur ses actions actuelles. Il reconnaît avoir été "trop rapide" et mentionne quà lavenir, il doit être "plus réfléchi", ce qui indique un changement planifié ou suggéré dans son approche future des tests. En outre, le commentaire inclut la nécessité de faire "des petites révisions," impliquant une action corrective prévue pour lamélioration future. Ces éléments correspondent aux caractéristiques de la classe CTRL, qui se concentre sur les comportements futurs et les intentions des apprenants.

Les mots-clés dans le commentaire comme "à lavenir" et "il me faudra" sont typiquement associés à cette catégorie, soulignant un changement ou une adaptation envisagée pour lavenir. Par conséquent, en se basant sur ces indices contextuels, la classification appropriée est CTRL.)
[Je pense que je peux m'améliorer en étant plus prudente et en faisant plus attention aux énoncés.] ; human(CTRL) ; IA(CTRL  
MotOrient.SelfEff

Les phrases clés du commentaire sont "Je pense que je peux maméliorer en étant plus prudente", qui correspondent au mot-clé "prudent" et impliquent un comportement futur (amélioration), classifié sous CTRL. De plus, le commentaire inclut "faire plus attention aux énoncés", qui se rapporte à lauto-efficacité et aux stratégies dapprentissage personnelles, correspondant au mot-clé "attention" lié à StratKldg, bien quil y ait une emphase sur lamélioration personnelle plutôt que la description de la stratégie elle-même. La dimension introspective de lamélioration suggère également un élément dauto-efficacité (MotOrient.SelfEff).)
[Cela Vient en parti du fait que je ne connaissais pas les formules du cours et d'interprétations fausses des documents] ; human(DomKldg) ; IA(DomKldg  
StratKldg  

Le commentaire mentionne "je ne connaissais pas les formules du cours", ce qui correspond aux mots-clés "lacunes" et "concepts" dans la classe `DomKldg`. De plus, il fait référence à "interprétations fausses des documents", ce qui saligne avec "mauvaise lecture" ou "erreur de perception" en lien avec les stratégies dapprentissage, donc `StratKldg`.)
[j'ai tendance à être trop sûre de moi.] ; human(MotOrient.SelfEff) ; IA(MonCal.Facts.DC  
MotOrient.SelfEff  

Étant donné le contexte et les mots-clés, "trop sûre" concerne principalement la confiance personnelle, ce qui correspond à MotOrient.SelfEff. Cependant, étant donné que cela peut aussi impliquer une réflexion sur la sécurité perçue par rapport aux résultats du test (potentiellement liée à des erreurs dangereuses), MonCal.Facts.DC pourrait également être applicable.

En se concentrant davantage sur laccent mis sur le "trop sûr de soi", qui est une évaluation personnelle, la classification la plus précise serait :

MotOrient.SelfEff)
[Mon savoir est là, mais cependant je fais encore trop d'erreurs d'inattention sur des choses bêtes. Il faut que je me concentre tout le long pour répondre à toutes les questions.] ; human(StratKldg) ; IA(CTRL)
[Je suis assez content du résultat, ça aurait pu être pire. Ce test provoque chez moi de l'anxiété] ; human(BDS.Emotions) ; IA(BDS.Emotions  
MonCal.Interpret  

Les éléments clés du commentaire incluent "Je suis assez content du résultat," qui reflète une émotion positive et est associé à la classe BDS.Emotions. De plus, "ça aurait pu être pire" suggère une interprétation subjective ou un jugement du résultat, ce qui se rapporte également au type MonCal.Interpret. Enfin, "Ce test provoque chez moi de lanxiété" indique directement une émotion liée à lexpérience du test, renforçant la classification dans BDS.Emotions.

Par conséquent, le commentaire est classé sous les deux classes : BDS.Emotions et MonCal.Interpret.)
[Globalement, il y a beaucoup de réponses certaines mais aussi beaucoup d'erreurs dangereuses.] ; human(MonCal.Facts.DC) ; IA(MonCal.Facts.DC  
MonCal.Facts.RF  

Le commentaire se concentre sur la mention des "réponses certaines" et des "erreurs dangereuses", ce qui correspond aux aspects factuels des résultats du test. La référence aux erreurs dangereuses place le commentaire dans la catégorie MonCal.Facts.DC, tandis que lobservation générale des réponses correctes (certaines) le relie également à MonCal.Facts.RF.)
[Je dois mieux lire les énoncés et être plus attentif sur les réponses] ; human(StratKldg) ; IA(STRATKLDG)
[des connaissances certaines dans le domaine de la physique chimie] ; human(DomKldg) ; IA(MotOrient.SelfEff)
[je pense être plutôt réaliste et ne pas avoir besoin de devenir beaucoup plus réaliste] ; human(MotOrient.SelfEff) ; IA(MonCal.Interpret)
[Je devrais être plus attentif sur les questions.] ; human(StratKldg) ; IA(CTRL)
[J'ai appris que je devrais me fier plus à mes connaissances qu'à la pertinence de la question] ; human(MotOrient.Value) ; IA(MotOrient.SelfEff)
[un savoir certain , 4 savoir fragile , pour les erreurs, 5 erreur dangereuse et 7 erreur présumée] ; human(MonCal.Facts.DC) ; IA(MonCal.Facts.DC  
MonCal.Facts.RF  

Ce commentaire peut être classé dans les deux catégories car il fournit à la fois des observations factuelles sur les résultats du test (nombre de savoirs certain, fragile, erreurs dangereuses et présumées) et des observations spécifiques sur les types de savoirs et derreurs, ce qui correspond aux caractéristiques de `MonCal.Facts.DC` et `MonCal.Facts.RF`.)
[Je repère beaucoup de prudence car je peux présumer mes erreurs éventuel , ce qui me permet d'avoir peut d'erreur dangereuse.] ; human(MonCal.Interpret) ; IA(MonCal.Facts.DC)
[Ces erreurs dangereuses sont dues à un manque de connaissances.] ; human(MonCal.Interpret) ; IA(MonCal.Facts.DC)
[5 incorrectes, 5 ignorances, 22 correctes -> 24/32] ; human(MonCal.Facts.RF) ; IA(MonCal.Facts.RF

Ce commentaire mentionne des observations factuelles sur les résultats du test : le nombre de réponses incorrectes ("5 incorrectes"), dignorances ("5 ignorances") et correctes ("22 correctes"). Ces éléments correspondent aux critères et mots-clés associés à la classe MonCal.Facts.RF, qui se concentre sur des observations factuelles concernant les résultats du test.)
[Plutôt des erreurs d'inattention que du manque de réalisme.] ; human(StratKldg) ; IA(MonCal.Interpret)
[Il y a pas mal de savoir fragile ce qui montre de la prudence.] ; human(MonCal.Interpret) ; IA(MonCal.Interpret

Ce commentaire est classé sous MonCal.Interpret car il fait référence à linterprétation subjective de létudiant concernant sa performance. Lutilisation du mot "prudence" et la discussion sur le concept de "savoir fragile" suggèrent une réflexion introspective sur les états cognitifs, allant au-delà des simples observations factuelles. Cela reflète comment un étudiant interprète son comportement ou ses résultats en termes dattitude et de jugements personnels plutôt que par la simple quantification des résultats du test.)
[La chimie est vraiment dure, mais la physique c'est bien] ; human(DomKldg) ; IA(MotOrient.Value)
[Dans les réponses correctes la courbe J est bien suivie. Par contre du côté des réponses incorrectes il y a plus de réponses dangereuses que présumée] ; human(MonCal.Facts.DC) ; IA(MonCal.Facts.DC  
MonCal.Facts.RF  

Les deux classifications sont appropriées car le commentaire mentionne à la fois des observations factuelles sur les erreurs dangereuses et présumées (MonCal.Facts.DC) ainsi que des faits concernant le nombre de réponses correctes suivant une courbe en J (MonCal.Facts.RF).)
[Pour la prochaine je dois être plus prudente] ; human(CTRL) ; IA(MonCal.Interpret)
[il faut revoir certaines choses de mon cours] ; human(CTRL) ; IA(DomKldg)
[Erreur dangereuse 4, Erreur présumée 3, savoir certain 24, 1 ignorance déclarée] ; human(MonCal.Facts.DC) ; IA(MonCal.Facts.DC  
MonCal.Facts.RF  

Les commentaires contiennent à la fois des observations factuelles sur le nombre derreurs et un focus sur les types de connaissances (erreurs dangereuses, erreurs présumées, savoir certain, ignorance déclarée), ce qui correspond aux définitions de MonCal.Facts.DC et MonCal.Facts.RF.)
[J'ai eu tout juste en physique, mais j'ai plus de mal en chimie car c'est moins concret. Les formules sont dures à comprendre donc à apprendre. De plus, mes erreurs dangereuses en chimie montrent que je n'ai pas tout compris.] ; human(DomKldg) ; IA(DomKldg  
StratKldg  
MonCal.Facts.DC

Ce commentaire combine des observations sur la difficulté avec les formules chimiques et lidentification de erreurs dangereuses, ce qui implique à la fois une reconnaissance des lacunes disciplinaires (DomKldg) et une analyse des stratégies dapprentissage utilisées ou à améliorer (StratKldg). De plus, il fait référence aux erreurs dangereuses, classifiant ainsi partiellement dans MonCal.Facts.DC en raison de lobservation factuelle des erreurs.)
[Je pourrais être plus réaliste en lisant mieux les questions.] ; human(StratKldg) ; IA(CTRL)
[6 erreurs dangereuses, 18 savoirs certains et 4 savoir fragiles, 1 erreur présumée.] ; human(MonCal.Facts.DC) ; IA(MonCal.Facts.DC  
MonCal.Facts.RF  

Ce commentaire comprend des éléments à la fois du MonCal.Facts.DC et du MonCal.Facts.RF. Il mentionne "erreurs dangereuses", "savoirs certains" et "savoirs fragiles", qui sont spécifiques au MonCal.Facts.DC, tandis que les nombres associés aux catégories (comme 6 erreurs dangereuses) correspondent à la classification du MonCal.Facts.RF.)
[4 erreurs dangereuses et 6 erreurs présumées et 4 savoir fragile ainsi que 18 savoir certain] ; human(MonCal.Facts.DC) ; IA(MonCal.Facts.DC  
MonCal.Facts.RF  

Note : Ce commentaire est classé sous les deux classes car il fournit des observations factuelles sur les résultats du test et décrit également les catégories de connaissances (erreurs dangereuses, savoirs fragiles, etc.), qui sont spécifiquement associées à MonCal.Facts.DC.)
[mon jugement n'est pas réaliste] ; human(MotOrient.SelfEff) ; IA(MonCal.Interpret)
[beaucoup trop d'erreur dangereuses mais une courbe de savoir certain plutôt bonne] ; human(MonCal.Facts.DC) ; IA(MonCal.Facts.DC  
MonCal.Facts.RF  

Le commentaire "beaucoup trop derreur dangereuses mais une courbe de savoir certain plutôt bonne" inclut des observations sur les erreurs dangereuses et la courbe de savoir certain, qui sont des concepts factuels. Par conséquent, il correspond aux classes MonCal.Facts.DC (observations factuelles sur les savoirs fragiles, savoirs certains, erreurs dangereuses) et MonCal.Facts.RF (observations factuelles sur le nombre/quantité de réponses correctes et incorrectes).)
[Il faut que je travaille mieux mes notions] ; human(StratKldg) ; IA(CTRL)
[trois erreurs dangereuses (à80%) qui sont dues à une mauvaise lecture de l'énoncé et une confusion entre plusieurs éléments de la consigne] ; human(StratKldg) ; IA(MonCal.Interpret  
StratKldg  

Ce commentaire combine des interprétations subjectives liées à ses erreurs dangereuses et identifie également une stratégie dapprentissage (mauvaise lecture) comme cause. Cependant, le contexte semble davantage se concentrer sur linterprétation personnelle de la raison derrière les erreurs plutôt que simplement mentionner des observations stratégiques factuelles. Par conséquent, MonCal.Interpret est priorisé en raison du raisonnement subjectif impliqué dans la compréhension des causes des erreurs.)
[Pour un meilleur résultat la fois prochaine, il faudrait ouvrir le livre de SPC notamment sur la mécanique] ; human(CTRL) ; IA(DomKldg)
[4 erreurs dangereuses, 3 erreurs présumées et 13 savoirs certains] ; human(MonCal.Facts.DC) ; IA(MonCal.Facts.DC  
MonCal.Facts.RF  

Note : Le commentaire mentionne "erreurs dangereuses" et "savoirs certains", ce qui le place clairement dans les deux classes MonCal.Facts.DC pour les observations factuelles sur les savoirs fragiles, savoirs certains, erreurs dangereuses et erreurs présumées, ainsi que MonCal.Facts.RF pour les observations factuelles concernant les nombres de réponses correctes (savoirs certains) et incorrectes (erreurs dangereuses).)
[Je suis arrivée à un résultat de 12/20] ; human(MonCal.Facts.RF) ; IA(BDS.Emotions)
[9 savoir certain 4 fragile 4 erreurs présumées et 3 dangereuses.] ; human(MonCal.Facts.DC) ; IA(MonCal.Facts.DC  
MonCal.Facts.RF  

Les commentaires fournis se concentrent à la fois sur le nombre ou la quantité déléments tels que les savoirs certains et fragiles, ainsi que sur des catégories spécifiques comme les erreurs dangereuses et présumées. Ces aspects répondent aux critères pour MonCal.Facts.RF en raison de leur emphase sur les résultats factuels du test (correctes et incorrectes), tout en salignant également avec MonCal.Facts.DC car ils incluent des observations spécifiques sur les savoirs fragiles, certains, ainsi que les erreurs dangereuses et présumées.)
[des confusions et des souvenirs erronés du à des réponses données basées non pas sur un cours appris mais sur des souvenirs de classes et des exercices faits.] ; human(StratKldg) ; IA(DomKldg  
StratKldg  

(Note: Le commentaire fait référence à la confusion et aux souvenirs erronés liés à des réponses basées sur des exercices passés plutôt que sur un cours appris, ce qui suggère un manque dans lacquisition des concepts (DomKldg) ainsi quune stratégie dapprentissage qui peut être améliorée en raison de mauvais souvenirs ou de révisions inadéquates (StratKldg). Cependant, si une classification unique est nécessaire et que laccent doit être mis sur la partie principale du commentaire, DomKldg serait le plus approprié.))
[j'ai échangé 2 valeurs dans une formule que je n'ai pas trop comprise] ; human(DomKldg) ; IA(StratKldg)
[je n'ai pas bien relu mes chapitres] ; human(StratKldg) ; IA(DomKldg)
[je pense que le cours est moins maitrisé] ; human(StratKldg) ; IA(DomKldg)
[je n'ai pas pris le temps de bien comprendre les énoncés] ; human(StratKldg) ; IA(8.StratKldg)
[dans certaines questions je n’étais pas concentré sur le sujet] ; human(StratKldg) ; IA(8.StratKldg)
[j'ai été plus réaliste] ; human(MotOrient.SelfEff) ; IA(MonCal.Interpret)
[Il y a 8 savoir certain et deux savoir fragile] ; human(MonCal.Facts.DC) ; IA(MonCal.Facts.DC

MonCal.Facts.RF)
[mes connaissances pas encore assez solides.] ; human(StratKldg) ; IA(DomKldg)
[mon problème réside dans ma précipitation] ; human(StratKldg) ; IA(CTRL)
[j'ai pas revu le cours] ; human(StratKldg) ; IA(DomKldg)
[il faut que je révise les formules de Kepler et revoir les charges électriques] ; human(DomKldg) ; IA(CTRL)
[Chapitres pas assez bien travaillés] ; human(StratKldg) ; IA(DomKldg)
[5 dangereuses, 2 présumées, 1 ignorance , 4 fragiles, 8 certains] ; human(MonCal.Facts.DC) ; IA(MonCal.Facts.DC  
MonCal.Facts.RF  

Les commentaires contiennent des informations à la fois sur les types spécifiques derreurs et de savoirs, qui correspondent aux observations factuelles liées au concept de "savoirs fragiles", "savoirs certains", etc. (catégorie MonCal.Facts.DC). De plus, il y a un compte détaillé du nombre déléments corrects et incorrects, ce qui correspond également à une observation factuelle des résultats du test (catégorie MonCal.Facts.RF).)
[mauvais apprentissage du cours] ; human(StratKldg) ; IA(DomKldg)
[bcp d'erreurs dangereuses] ; human(MonCal.Facts.DC) ; IA(MonCal.Interpret)
