[Cela révèle que je ne suis pas sûr de mes réponses] ; human(MotOrient.SelfEff) ; IA(MotOrient.Value)
[Pour espérer davantage au prochain test il va falloir que je révise plus ce qui me permettra d'avoir de l'assurance et de la justesse dans mes réponses] ; human(CTRL) ; IA(MotOrient.SelfEff  
StratKldg  
CTRL  

Les éléments clés du commentaire incluent lintention daméliorer les performances futures par une révision accrue, ce qui indique un plan pour améliorer la confiance et lauto-efficacité (MotOrient.SelfEff), impliquant des stratégies dapprentissage futures (StratKldg) et le contrôle du comportement futur de létudiant (CTRL).)
[Grâce à ces tests je vois qu'il faut que je m'améliore en mécanique car je n'ai pas du tout compris. J'ai beaucoup d'ignorance car je ne connais pas bien ma leçon. Je me sens plus à l'aise en chimie, mais je confonds encore beaucoup stéréoisomère, énantiomère, de configuration, de conformation . . . J'ai aussi besoin de revoir les titrages car je n'arrive pas à faire les calculs.] ; human(DomKldg) ; IA(DomKldg  
StratKldg  

Les commentaires mentionnent des domaines où létudiant a besoin damélioration et une stratégie pour revoir les sujets difficiles, indiquant à la fois lidentification de lacunes dans les connaissances et lutilisation de méthodes dapprentissage pour sy attaquer.)
[je préfère ne pas me risquer à dire que c'est juste si ça peut ne pas l'être] ; human(StratKldg) ; IA(MotOrient.Value)
[Score attribué au fait que je n'étais pas assez attentive et concentrée lors du test.] ; human(StratKldg) ; IA(BDS.Emotions)
[Le diagramme de réponses correctes est proche de la courbe en J, tandis que la courbe des réponses incorrectes ne l'est pas.] ; human(MonCal.Facts.DC) ; IA(MonCal.Facts.RF)
[Cela révèle que je dois être plus prudente concernant les questions ou je pense avoir faux pour espérer être davantage réaliste] ; human(MonCal.Interpret) ; IA(MonCal.Facts.RF)
[Lors d'un prochain test, je devrais être moins certaine de moi sur les réponses ou j'hésite et être + prudente.] ; human(CTRL) ; IA(STRATEGIES_KNOWLEDGE)
[Beaucoup des sujets je n'avais pas révisé du tout encore] ; human(StratKldg) ; IA(DomKldg)
[Beaucoup d'erreurs dangereuses] ; human(MonCal.Facts.DC) ; IA(3.MonCal.Facts.DC)
[je n'étais pas très concentrée] ; human(StratKldg) ; IA(BDS.Emotions)
[mes connaissances sont encore trop fragiles, je n'ai toujours pas commencé les révisions pour les chapitres (illisible) particulièrement dans le chapitre sur les lois de Newton et la relation entre les acides et les bases.] ; human(DomKldg) ; IA(7.DomKldg)
[Je n'avais pas du tout revu les lois de Kepler et des satellites.] ; human(DomKldg) ; IA(7.DomKldg)
[9 erreurs dangereuses] ; human(MonCal.Facts.DC) ; IA(3.MonCal.Facts.DC)
[Après avoir relu mes erreurs, j'ai remarqué que ces erreurs provenaient d'une erreur de lecture de la question et rarement d'une réelle erreur / lacune dans mes connaissances.] ; human(StratKldg) ; IA(8.StratKldg)
[j'ai eu tendance à faire preuve d'imprudence et à évaluer, à tort, mes réponses comme justes] ; human(MonCal.Interpret) ; IA(MonCal.Facts.RF)
[Sur la partie mécanique j'ai été plus confiant, à juste titre, alors que dans la partie chimie j'ai été plus prudent (aussi à juste titre)] ; human(MotOrient.SelfEff) ; IA(6.MotOrient.SelfEff)
[Je suis aussi surpris de mon score pour la partie chimie] ; human(BDS.Emotions) ; IA(MonCal.Facts.RF  
Classement des mots-clés : "surpris" du score, partie chimie

Lobservation dun étudiant sur son "score pour la partie chimie" indique une référence factuelle aux résultats du test. Le mot "surpris" suggère un commentaire subjectif mais est lié à lévaluation des observations objectives de performance dans le cadre du test.

Par conséquent, cette déclaration appartient principalement à la classe MonCal.Facts.RF car elle se concentre sur les résultats factuels dune section spécifique (chimie) du test.)
[Pour être plus sur de moi il faudrait que je révise plus la chimie pour solidifier mes connaissances.] ; human(DomKldg) ; IA(MotOrient.SelfEff)
[Par rapport à la dernière fois j'ai fait moins d'erreurs d'inattention car j'ai bien vérifié même les questions que j'ai eu juste.] ; human(StratKldg) ; IA(8.StratKldg)
[le nombre de erreurs dangereuses a diminué] ; human(MonCal.Facts.DC) ; IA(3.MonCal.Facts.DC)
[n'ayant absolument pas relu ni réviser la mécanique et même la chimie] ; human(DomKldg) ; IA(StratKldg)
[Il y a aussi comme la dernière fois des erreurs d'inattention.] ; human(StratKldg) ; IA(MonCal.Facts.DC)
[uniquement savoir certain ou erreur dangereuse-] ; human(MonCal.Facts.DC) ; IA(3.MonCal.Facts.DC)
[je n'avais pas révisé presque la totalité de ce qu'il y avait] ; human(DomKldg) ; IA(StratKldg)
[La plupart de ces erreurs sont dangereuses et les savoirs certains :] ; human(MonCal.Facts.DC) ; IA(3.MonCal.Facts.DC)
[je devrais peut-être être un peu plus prudent] ; human(MonCal.Interpret) ; IA(CTRL)
[j'ai plus de réponses correctes en chimie qu'en physique.] ; human(DomKldg) ; IA(MonCal.Facts.RF)
[j'ai beaucoup d'erreurs dangereuses] ; human(MonCal.Facts.DC) ; IA(3.MonCal.Facts.DC)
[ce qui concerne les mauvaises réponses, c'est une mauvaise compréhension des questions] ; human(StratKldg) ; IA(3.MonCal.Facts.DC)
[Pour le degré de certitude, c'est dangereux pour les mauvaises réponses, car j’étais plutôt vers une certitude de 100% même si je n'étais pas sûre de mes réponses] ; human(MonCal.Interpret) ; IA(3.MonCal.Facts.DC)
[je suis assez prudent] ; human(MonCal.Interpret) ; IA(MotOrient.Value)
[Je n'avais pas révisé mes leçons] ; human(DomKldg) ; IA(MotOrient.Value)
[D'après ma courbe, j'ai tendance à être à la fois trop prudente (avec 12 savoirs fragiles) et à la fois pas assez (7 erreurs dangereuses)] ; human(MonCal.Interpret) ; IA(3.MonCal.Facts.DC)
[J'étais aussi peu attentive] ; human(StratKldg) ; IA(BDS.Emotions)
[la majorité de mes fautes n'étaient pas pressenties et mes réponses correctes étaient certaines] ; human(MonCal.Facts.DC) ; IA(MonCal.Facts.RF)
[J'ai essayé de passer à travers le test rapidement et en ai payé le prix.] ; human(StratKldg) ; IA(BDS.Emotions)
[le plus grave ? les erreurs dangereuses que j'ai fait.] ; human(MonCal.Interpret) ; IA(3.MonCal.Facts.DC)
[Ce test m'a permis de réaliser que mes connaissances sont moins solides que ce que j'espérais] ; human(MotOrient.Value) ; IA(DomKldg)
[J'ai autant de réponses incorrectes que d'ignorances.] ; human(MonCal.Facts.RF) ; IA(MonCal.Facts.RF

Notez que cette classification est basée sur la nature du commentaire, qui se concentre sur des observations factuelles concernant les réponses incorrectes et les ignorances sans interprétation subjective ou émotionnelle.)
[c'est bien de voir que la plupart du temps je suis certaine quand j'ai raison] ; human(MonCal.Interpret) ; IA(MonCal.Facts.DC)
[je ne suis pas du tout sûr de ce que je réponds en chimie] ; human(MotOrient.SelfEff) ; IA(DomKldg)
[Il faut donc que je révise les formules / équations de Kepler, Newton, et de l'accélération et pour la chimie : la nomenclature, la géométries des molécules et les acides/bases.] ; human(DomKldg) ; IA(StratKldg)
[beaucoup d'erreurs dangereuses (10)] ; human(MonCal.Facts.DC) ; IA(3.MonCal.Facts.DC)
[La courbe en J des réponses correctes montre qu'en général, je sais quand j'ai la bonne réponse. Cependant je ne sais pas forcément quand j'ai la mauvaise réponse, la courbe en J des réponses incorrectes m'indiquant beaucoup d'erreurs dangereuses et ne suivant pas la forme du J. Cela relève d'une certaine imprudence.] ; human(MonCal.Interpret) ; IA(BDS.Emotions)
[Il faut que je regarde les questions de plus près car la formulation peut être trompeuse à certains moments.] ; human(StratKldg) ; IA(8.StratKldg)
[je fais beaucoup d'erreurs dangereuses en chimie.] ; human(MonCal.Facts.DC) ; IA(3.MonCal.Facts.DC)
[trop prudent] ; human(MonCal.Interpret) ; IA(MotOrient.SelfEff)
[presque autant d'erreurs dangereuses que de présumé, mais aussi autant de savoir fragile que de certain.] ; human(MonCal.Facts.DC) ; IA(3.MonCal.Facts.DC)
[je suis sûr dans toutes mes réponses où je crois avoir raison, ce qui me donne uniquement des savoirs certains et des erreurs dangereuses. Ma courbe de bonnes réponses est en J mais l'autre est en J inversé (en L en fait).] ; human(MonCal.Facts.DC) ; IA(MonCal.Facts.RF

Ce commentaire se concentre sur les observations factuelles concernant la performance des étudiants dans le test. Il décrit la nature et lorganisation de leurs réponses correctes (savoirs certains) et incorrectes (erreurs dangereuses), ainsi que la forme des courbes de résultats, ce qui est caractéristique de la classe MonCal.Facts.RF.)
[Globalement, j'ai réussi à être plus certaine de mes réponses (22 savoirs certains et 1 savoir fragile) mais ça a créé de ce fait quelques erreurs dangereuses (7). Par rapport au premier test, je peux remarquer que la courbe en J est plus conséquente pour les réponses correctes] ; human(MonCal.Facts.DC) ; IA(MonCal.Facts.RF  
MonCal.Facts.DC  

(Note : Le commentaire inclut à la fois des observations factuelles sur le nombre de savoirs certains et fragiles, ainsi que le nombre derreurs dangereuses. Cela signifie quil sinscrit dans les classes MonCal.Facts.RF et MonCal.Facts.DC.))
[Pour le prochain test, il faudrait que je me laisse un peu plus de temps avant de répondre et bien analyser les docs.] ; human(CTRL) ; IA(StratKldg)
[Il y a un manque de rigueur car j'ai mal lu les énoncés et cela m'a induit en erreur et c'est pour cela que j'ai eu des réponses qui étaient erronées] ; human(StratKldg) ; IA(2.MonCal.Facts.RF  
4.BDS.Emotions  

Dans ce commentaire, létudiant reconnaît un problème dinterprétation des énoncés qui a conduit à des réponses incorrectes (factuelle sur les erreurs), et exprime une frustration implicite en raison de cette erreur (émotion ressentie pendant le test).)
[C'est un peu meilleur que le premier test mais c'est parce que les questions étaient sur des chapitres vus en Terminale tandis que le premier test était sur des chapitres vus en Première.] ; human(DomKldg) ; IA(MonCal.Facts.RF)
[On peut dire que j'ai eu ce score car je ne révise jamais sauf la veille ou le jour même d'un contrôle, j'aurais sûrement un meilleur score en révisant régulièrement] ; human(StratKldg) ; IA(STRATEGIES DAPPRENTISSAGE (StratKldg)  
Comportement dapprentissage futur (CTRL)  

En fonction du commentaire fourni, il y a deux aspects principaux à considérer : le comportement passif détude ("je ne révise jamais sauf la veille ou le jour même") et lintention future de changer cette stratégie ("jaurais sûrement un meilleur score en révisant régulièrement"). Par conséquent, il sagit à la fois des stratégies dapprentissage utilisées (ou non) et des comportements futurs envisagés. 

Ainsi, le commentaire devrait être classifié dans les deux catégories pertinentes :

`STRATEGIES DAPPRENTISSAGE`

`COMPORTEMENT FUTUR`)
[Beaucoup de savoir certain avec 5 erreurs dangereuses.] ; human(MonCal.Facts.DC) ; IA(3.MonCal.Facts.DC)
[Pour le prochain test, je devrais approfondir les bases du cours (non-acquis) avec des exercices.] ; human(CTRL) ; IA(StratKldg)
[Ce test m'a permis de comprendre que je dois faire plus attention aux énoncés.] ; human(MotOrient.Value) ; IA(StratKldg)
[Relativement satisfait car peu d'erreurs et peu savoir fragile comme je le pensais lors du test. J'étais assez souvent très sûr de moi.] ; human(MonCal.Interpret) ; IA(MonCal.Facts.RF

Les éléments clés dans ce commentaire incluent une référence à "peu derreurs" et à "peu savoir fragile", qui correspondent directement aux observations factuelles sur les résultats du test. Ces déclarations reflètent lévaluation de la performance par rapport au nombre de réponses correctes ou incorrectes, ainsi que le niveau de confiance dans certains savoirs.

Bien quil y ait une mention de "étais assez souvent très sûr de moi", ce sentiment nest pas exprimé comme une émotion intense mais plutôt comme un fait sur la confiance ressentie durant le test. Cette combinaison rend plus appropriée la classification sous MonCal.Facts.RF, car les observations factuelles sont prédominantes dans le commentaire.)
[e trouve que j'ai été trop rapide dans mes choix de réponse ainsi à l'avenir il me faudra être plus réfléchi. Aussi des petites révisions ne me feraient pas de mal.] ; human(StratKldg) ; IA(CTRL)
[Cela Vient en parti du fait que je ne connaissais pas les formules du cours et d'interprétations fausses des documents] ; human(DomKldg) ; IA(7.DomKldg  
8.StratKldg  

Étant donné que le commentaire mentionne à la fois lignorance des formules du cours et les interprétations fausses des documents, il suggère un manque de connaissances (formules) et une analyse des stratégies dapprentissage utilisées (interprétations). Par conséquent, il relève à la fois de "DomKldg" pour lidentification du contenu manquant et de "StratKldg" pour les stratégies appliquées pendant le test. Cependant, puisque nous devons fournir une seule classe comme résultat selon vos instructions :

7.DomKldg

En se concentrant sur la mention directe des formules non connues, ce qui est un concept spécifique manquant.)
[Les courbes ne sont pas en J (légèrement pour les bonnes réponses, mais pas du tout sur les mauvaises)] ; human(MonCal.Facts.DC) ; IA(3.MonCal.Facts.DC)
[J'ai plutôt assez bien réussi le test, mieux que le premier il me semble] ; human(MonCal.Interpret) ; IA(MonCal.Facts.RF)
[Je suis assez content du résultat, ça aurait pu être pire. Ce test provoque chez moi de l'anxiété] ; human(BDS.Emotions) ; IA(BDS.Emotions  
MotOrient.Value)
[Globalement, il y a beaucoup de réponses certaines mais aussi beaucoup d'erreurs dangereuses.] ; human(MonCal.Facts.DC) ; IA(3.MonCal.Facts.DC)
[Pour m'améliorer, je pourrais donc prendre plus de temps pour répondre et assimiler les énoncés.] ; human(CTRL) ; IA(StratKldg)
[des connaissances certaines dans le domaine de la physique chimie] ; human(DomKldg) ; IA(3.MonCal.Facts.DC)
[mes 7 erreurs dangereuses peuvent relever une certaine imprudence] ; human(MonCal.Interpret) ; IA(3.MonCal.Facts.DC)
[Les courbes en J assez respecté, malgré un léger surplus de savoir fragile (70%)] ; human(MonCal.Facts.DC) ; IA(3.MonCal.Facts.DC)
[Je devrais être plus attentif sur les questions.] ; human(StratKldg) ; IA(CTRL)
[une erreur dangereuse, j'ai eu beaucoup de savoir fragile (6)] ; human(MonCal.Facts.DC) ; IA(3.MonCal.Facts.DC)
[J'ai appris que je devrais me fier plus à mes connaissances qu'à la pertinence de la question] ; human(MotOrient.Value) ; IA(StratKldg)
[Je repère beaucoup de prudence car je peux présumer mes erreurs éventuel , ce qui me permet d'avoir peut d'erreur dangereuse.] ; human(MonCal.Interpret) ; IA(3.MonCal.Facts.DC)
[Pour m'améliorer davantage, il faut que je réponde plus spontanément car il y a des questions où j'ai trop hésité] ; human(CTRL) ; IA(StratKldg)
[Ces erreurs dangereuses sont dues à un manque de connaissances.] ; human(MonCal.Interpret) ; IA(3.MonCal.Facts.DC)
[La prochaine fois, je ferais attention aux tournures des phrases qui peuvent être dangereuses.] ; human(CTRL) ; IA(StratKldg)
[Courbe en J similaire pour les réponses correctes mais pas pour les incorrectes (moins exponentielle)] ; human(MonCal.Facts.DC) ; IA(MonCal.Facts.RF)
[Plutôt des erreurs d'inattention que du manque de réalisme.] ; human(StratKldg) ; IA(MonCal.Facts.RF)
[sachant que je n'étais pas là pour la leçon de géométrie moléculaire et que je n'ai pas très bien compris] ; human(DomKldg) ; IA(7.DomKldg)
[Pour les réponses incorrectes, il y a bien une courbe en J, par contre pour les réponses incorrectes la courbe n'a pas cette forme.] ; human(MonCal.Facts.DC) ; IA(MonCal.Facts.RF)
[Il y a pas mal de savoir fragile ce qui montre de la prudence.] ; human(MonCal.Interpret) ; IA(3.MonCal.Facts.DC)
[Pour le prochain test il faudrait que je fasse preuve de plus de certitude.] ; human(CTRL) ; IA(MotOrient.SelfEff)
[quelques difficultés en chimie.] ; human(DomKldg) ; IA(7.DomKldg)
[La courbe des réponses correctes ne correspond pas à la courbe en J car il y a beaucoup de savoirs fragiles] ; human(MonCal.Facts.DC) ; IA(3.MonCal.Facts.DC)
[Il faudrait qu'au prochain test je sois plus sûr de moi pour avoir moins de savoir fragile et aussi avoir moins d'erreurs dangereuses.] ; human(CTRL) ; IA(MotOrient.SelfEff)
[imprudence] ; human(MonCal.Interpret) ; IA(3.MonCal.Facts.DC)
[Mes courbes sont loin de celle en J] ; human(MonCal.Facts.DC) ; IA(MonCal.Facts.RF)
[je suis mi prudente/ mi imprudente.] ; human(MonCal.Interpret) ; IA(MotOrient.Value)
[Lors du prochain test, il faudrait que je prenne plus de temps sur les questions pour réellement réfléchir parce que là j'avais un peu la flemme de réfléchir à 100%. Et passer plus de temps sur les questions où je pense être certaine.] ; human(CTRL) ; IA(StratKldg)
[ce qui traduit encore une légère imprudence] ; human(MonCal.Interpret) ; IA(3.MonCal.Facts.DC  
Clés pertinentes : savoirs fragiles, erreurs dangereuses, comportement imprudent dans les résultats du test.)
[il faut revoir certaines choses de mon cours] ; human(CTRL) ; IA(DomKldg)
[On peut penser à une imprudence car mes résultats se trouvent dans les extrêmes.] ; human(MonCal.Interpret) ; IA(MonCal.Facts.RF)
[Afin d'être plus réaliste lors du prochain test, une meilleure connaissance de son cours serait préférable] ; human(CTRL) ; IA(StratKldg)
[Il y a eu quand même 15 savoir certain, 8 savoir fragile] ; human(MonCal.Facts.DC) ; IA(MonCal.Facts.RF)
[Pour devenir davantage réaliste je devrais réfléchir plus longtemps sur certaines questions et faire attention aux pièges.] ; human(CTRL) ; IA(StratKldg)
[J'ai eu tout juste en physique, mais j'ai plus de mal en chimie car c'est moins concret. Les formules sont dures à comprendre donc à apprendre. De plus, mes erreurs dangereuses en chimie montrent que je n'ai pas tout compris.] ; human(DomKldg) ; IA(BDS.Emotions  
MonCal.Facts.DC  
DomKldg  

Étant donné le commentaire, il reflète plusieurs aspects qui se chevauchent avec différentes classes :

1. **BDS.Emotions** : Létudiant exprime des difficultés émotionnelles en disant quil a "plus de mal" en chimie parce que cest "moins concret", ce qui suggère une réponse émotionnelle ou une perception à un défi académique.

2. **MonCal.Facts.DC** : Létudiant mentionne spécifiquement les "erreurs dangereuses", faisant référence directement aux erreurs associées au savoir fragile et dangereux, ce qui est une observation factuelle dans le contexte de la classification des types derreurs.

3. **DomKldg** : Le commentaire discute également de concepts ou domaines spécifiques (chimie) en tant que plus difficiles à comprendre, indiquant un domaine où létudiant perçoit un manque dacquisition de connaissances et de compétences.

Cependant, le commentaire central se concentre sur les difficultés émotionnelles rencontrées avec une discipline spécifique tout en reconnaissant les erreurs dangereuses. Ainsi, la classification principale serait :

BDS.Emotions

Bien que plusieurs catégories puissent sappliquer, laccent principal du commentaire est sur létat émotionnel par rapport aux difficultés académiques et le résultat des erreurs dangereuses, ce qui rend BDS.Emotions la classification la plus appropriée.

classe
BDS.Emotions
/classe)
[Ce score global (par rapport aux erreurs dangereuses) est peut-être dût à de la précipitation] ; human(StratKldg) ; IA(3.MonCal.Facts.DC)
[La courbe en J au niveau des réponses incorrectes n'est pas bonne] ; human(MonCal.Facts.DC) ; IA(MonCal.Facts.RF)
[il y a trop d’assurance pour des réponses qui sont fausses] ; human(MotOrient.SelfEff) ; IA(4.BDS.Emotions)
[Bon test permettant ainsi de connaitre la qualité des connaissances.] ; human(MotOrient.Value) ; IA(MonCal.Facts.RF)
[6 erreurs dangereuses, 18 savoirs certains et 4 savoir fragiles, 1 erreur présumée.] ; human(MonCal.Facts.DC) ; IA(3.MonCal.Facts.DC)
[Les erreurs dangereuses viennent du fait que je lis parfois trop vite et de ce fait j'oublie des informations] ; human(StratKldg) ; IA(3.MonCal.Facts.DC)
[4 erreurs dangereuses et 6 erreurs présumées et 4 savoir fragile ainsi que 18 savoir certain] ; human(MonCal.Facts.DC) ; IA(3.MonCal.Facts.DC)
[Pour les réponses incorrectes, mes résultats vont en descendant en fonction du degré de certitude mais les réponses correctes suivent la courbe en J] ; human(MonCal.Facts.DC) ; IA(MonCal.Facts.RF)
[Cela révèle probablement d'imprudence considérable mais de sureté bénéfique.] ; human(MonCal.Interpret) ; IA(3.MonCal.Facts.DC)
[mon jugement n'est pas réaliste] ; human(MotOrient.SelfEff) ; IA(MonCal.Interpret)
[Je suis donc trop imprudent.] ; human(MonCal.Interpret) ; IA(BDS.Emotions)
[Certaines de ces erreurs sont dues à un manque de réflexion par rapport aux questions (ex: confondre semi-équation et équation de réaction)] ; human(StratKldg) ; IA(7.DomKldg)
[beaucoup trop d'erreur dangereuses mais une courbe de savoir certain plutôt bonne] ; human(MonCal.Facts.DC) ; IA(3.MonCal.Facts.DC)
[Il faut que je travaille mieux mes notions] ; human(StratKldg) ; IA(CTRL)
[Les courbes en J ne sont pas cohérentes, au niveau des réponses incorrectes : bcp de réponses dangereuses à 100% ou 90% de certitude.] ; human(MonCal.Facts.DC) ; IA(3.MonCal.Facts.DC)
[10 réponses correctes sur 20, score correct] ; human(MonCal.Facts.RF) ; IA(MonCal.Facts.RF  
Clés : nombre/quantité de réponses correctes, score correct

Explication : Ce commentaire fournit des informations factuelles concernant le nombre de réponses correctes (10) et le résultat global du test ("score correct"), ce qui correspond directement à la description de MonCal.Facts.RF.)
[trois erreurs dangereuses (à80%) qui sont dues à une mauvaise lecture de l'énoncé et une confusion entre plusieurs éléments de la consigne] ; human(StratKldg) ; IA(3.MonCal.Facts.DC)
[j'ai 7 savoir certain et 3 savoir fragile,] ; human(MonCal.Facts.DC) ; IA(MonCal.Facts.RF

Classement basé sur la description : les commentaires incluent des observations factuelles concernant le nombre de savoirs certains et de savoirs fragiles, ce qui correspond à MonCal.Facts.RF car il se concentre sur des informations objectives liées aux résultats du test.)
[j'ai été beaucoup moins prudente que sur le dernier test, j'ai pris des risques] ; human(MonCal.Interpret) ; IA(MotOrient.Value)
[Il faut encore que je me concentre davantage sur les énoncés, prendre le temps de bien lire surtout sur la mécanique] ; human(CTRL) ; IA(StratKldg)
[des confusions et des souvenirs erronés du à des réponses données basées non pas sur un cours appris mais sur des souvenirs de classes et des exercices faits.] ; human(StratKldg) ; IA(3.MonCal.Facts.DC)
[j'ai fait beaucoup d'erreurs présumées] ; human(MonCal.Facts.DC) ; IA(3.MonCal.Facts.DC)
[j'ai échangé 2 valeurs dans une formule que je n'ai pas trop comprise] ; human(DomKldg) ; IA(8.StratKldg)
[je n'ai pas bien relu mes chapitres] ; human(StratKldg) ; IA(DomKldg)
[j’ai des fois mal lu les consignes] ; human(StratKldg) ; IA(DomKldg)
[je pense que le cours est moins maitrisé] ; human(StratKldg) ; IA(DomKldg)
[dans certaines questions je n’étais pas concentré sur le sujet] ; human(StratKldg) ; IA(BDS.Emotions)
[mes connaissances pas encore assez solides.] ; human(StratKldg) ; IA(7.DomKldg)
[mon problème réside dans ma précipitation] ; human(StratKldg) ; IA(MotOrient.SelfEff)
[4 dangereuses et 5 présumées] ; human(MonCal.Facts.DC) ; IA(3.MonCal.Facts.DC)
[j'ai pas revu le cours] ; human(StratKldg) ; IA(DomKldg)
[un manque d'attention sur certains détails] ; human(StratKldg) ; IA(7.DomKldg)
[il faut que je révise les formules de Kepler et revoir les charges électriques] ; human(DomKldg) ; IA(StratKldg)
[Chapitres pas assez bien travaillés] ; human(StratKldg) ; IA(7.DomKldg)
[mauvais apprentissage du cours] ; human(StratKldg) ; IA(DomKldg)
[bcp d'erreurs dangereuses] ; human(MonCal.Facts.DC) ; IA(3.MonCal.Facts.DC)
[bien relire les consignes] ; human(StratKldg) ; IA(8.StratKldg)
[Difficultés dans le chapitre sur la loi de Newton] ; human(DomKldg) ; IA(7.DomKldg)
