[Grâce à ces tests je vois qu'il faut que je m'améliore en mécanique car je n'ai pas du tout compris. J'ai beaucoup d'ignorance car je ne connais pas bien ma leçon. Je me sens plus à l'aise en chimie, mais je confonds encore beaucoup stéréoisomère, énantiomère, de configuration, de conformation . . . J'ai aussi besoin de revoir les titrages car je n'arrive pas à faire les calculs.] ; human(DomKldg) ; IA(DomKldg  
StratKldg  

Ce commentaire est classifié sous deux catégories. Dune part, il indique des domaines dans lesquels létudiant reconnaît un manque de compréhension et dacquisition, comme la mécanique ("il faut que je maméliore en mécanique") et le fait de ne pas bien connaître sa leçon ("beaucoup dignorance car je ne connais pas bien ma leçon"), ce qui correspond à `DomKldg`. Dautre part, létudiant décrit des stratégies quil pense nécessaires pour améliorer son apprentissage, comme revoir les titrages et comprendre mieux certains concepts en chimie ("Jai aussi besoin de revoir les titrages"), ce qui correspond à `StratKldg`.)
[1 réponse dangereuse] ; human(MonCal.Facts.DC) ; IA(MonCal.Interpret

Ce commentaire est une simple déclaration dune "réponse dangereuse" sans donner plus de contexte factuel ou des détails sur le nombre de bonnes/mauvaises réponses. Il reflète la préoccupation subjective de létudiant sur leur performance plutôt quune observation factuelle.)
[je préfère ne pas me risquer à dire que c'est juste si ça peut ne pas l'être] ; human(StratKldg) ; IA(MotOrient.SelfEff)
[Score attribué au fait que je n'étais pas assez attentive et concentrée lors du test.] ; human(StratKldg) ; IA(MonCal.Facts.RF)
[Cela révèle que je dois être plus prudente concernant les questions ou je pense avoir faux pour espérer être davantage réaliste] ; human(MonCal.Interpret) ; IA(CTRL)
[Beaucoup des sujets je n'avais pas révisé du tout encore] ; human(StratKldg) ; IA(DomKldg)
[je n'étais pas très concentrée] ; human(StratKldg) ; IA(BDS.Emotions)
[un certain nombre de réponses correctes,] ; human(MonCal.Facts.RF) ; IA(MonCal.Facts.RF

(Note: Le commentaire indique la présence de "réponses correctes", ce qui le classe dans MonCal.Facts.RF en raison de sa concentration sur les observations factuelles concernant les résultats du test.))
[Sur la partie mécanique j'ai été plus confiant, à juste titre, alors que dans la partie chimie j'ai été plus prudent (aussi à juste titre)] ; human(MotOrient.SelfEff) ; IA(MonCal.Interpret)
[Je suis aussi surpris de mon score pour la partie chimie] ; human(BDS.Emotions) ; IA(MonCal.Interpret)
[Pour être plus sur de moi il faudrait que je révise plus la chimie pour solidifier mes connaissances.] ; human(DomKldg) ; IA(MotOrient.SelfEff)
[Par rapport à la dernière fois j'ai fait moins d'erreurs d'inattention car j'ai bien vérifié même les questions que j'ai eu juste.] ; human(StratKldg) ; IA(CTRL

Ce commentaire reflète une intention ou un plan comportemental futur pour éviter des erreurs similaires. Il suggère que létudiant ajustera son approche en vérifiant attentivement ses réponses à lavenir, ce qui est caractéristique de la classe CTRL (commentaires sur les comportements futurs des apprenants).)
[le nombre de erreurs dangereuses a diminué] ; human(MonCal.Facts.DC) ; IA(MonCal.Facts.RF)
[j'ai plus de réponses correctes en chimie qu'en physique.] ; human(DomKldg) ; IA(MonCal.Facts.RF)
[ce test est très réaliste/ précis.] ; human(MotOrient.Value) ; IA(MonCal.Facts.RF

Ce commentaire décrit la perception dun étudiant selon laquelle le test correspondait bien à la réalité ou était exact. Ce type de commentaire est lié aux observations factuelles concernant les résultats du test, telles que sa précision ou son adéquation avec ce qui a été appris.)
[La plupart de mes mauvaises réponses sont dans la mécanique, car je n’ai pas appris, ni révisé cette partie avec la loi Kepler] ; human(DomKldg) ; IA(DomKldg  
MotOrient.SelfEff  

Ce commentaire mentionne une lacune dans les connaissances en mécanique ("Je n’ai pas appris, ni révisé cette partie"), ce qui correspond à DomKldg. Il souligne également un manque de confiance ou d’effort personnel ("car je n’ai pas appris, ni révisé"), relevant de MotOrient.SelfEff.)
[ce qui concerne les mauvaises réponses, c'est une mauvaise compréhension des questions] ; human(StratKldg) ; IA(MonCal.Interpret)
[Pour le degré de certitude, c'est dangereux pour les mauvaises réponses, car j’étais plutôt vers une certitude de 100% même si je n'étais pas sûre de mes réponses] ; human(MonCal.Interpret) ; IA(MonCal.Facts.DC)
[J'ai quand même beaucoup d'erreurs dangereuses (6 au total). J'ai 2 ignorance déclarée, ce qui est relativement peu. Dans mes réponses correctes, j'ai plus de savoir fragile que de savoir certain.] ; human(MonCal.Facts.DC) ; IA(MonCal.Facts.DC  
MonCal.Facts.RF  

Note : Le commentaire contient à la fois des faits sur les erreurs dangereuses et ignorées (ce qui le rend pertinent pour MonCal.Facts.DC) ainsi que des détails quantitatifs sur les réponses correctes, classifiant également ce commentaire sous MonCal.Facts.RF.)
[D'après ma courbe, j'ai tendance à être à la fois trop prudente (avec 12 savoirs fragiles) et à la fois pas assez (7 erreurs dangereuses)] ; human(MonCal.Interpret) ; IA(MonCal.Facts.DC)
[la majorité de mes fautes n'étaient pas pressenties et mes réponses correctes étaient certaines] ; human(MonCal.Facts.DC) ; IA(MonCal.Facts.DC  
MonCal.Facts.RF  

Ce commentaire mentionne à la fois des "fautes non pressenties" et des "réponses correctes certaines". Les "fautes non pressenties" se réfèrent aux erreurs dangereuses, ce qui saligne sur MonCal.Facts.DC. De plus, il fournit une observation factuelle liée à la performance (fautes et certitude des bonnes réponses), correspondant ainsi également à MonCal.Facts.RF.)
[Cela me permet de savoir ce que je dois réviser et mes points faibles.] ; human(MotOrient.Value) ; IA(MonCal.Facts.DC

ou

MotOrient.Value

(Le commentaire mentionne à la fois la reconnaissance des faiblesses, ce qui correspond aux observations factuelles sur les savoirs fragiles (MonCal.Facts.DC), et reconnaît également lutilité du test pour identifier les points à réviser, en faisant référence à sa valeur perçue dans le processus dapprentissage (MotOrient.Value).))
[le plus grave ? les erreurs dangereuses que j'ai fait.] ; human(MonCal.Interpret) ; IA(MonCal.Facts.DC)
[La mécanique est un thème difficile et je suis dans l'ensemble trop sûre de moi en mécanique.] ; human(MotOrient.SelfEff) ; IA(MotOrient.SelfEff  
BDS.Emotions

Étant donné que le commentaire exprime à la fois une surestimation de soi ("trop sûre de moi") et des émotions liées au thème difficile de la mécanique, il tombe sous les classes MotOrient.SelfEff pour lauto-estimation et BDS.Emotions en raison de lémotion impliquée. Cependant, dans le contexte où un seul choix est requis, "MotOrient.SelfEff" est plus spécifique à la nature du commentaire.)
[Ce test m'a permis de réaliser que mes connaissances sont moins solides que ce que j'espérais] ; human(MotOrient.Value) ; IA(MonCal.Facts.DC)
[c'est bien de voir que la plupart du temps je suis certaine quand j'ai raison] ; human(MonCal.Interpret) ; IA(MotOrient.SelfEff)
[La courbe en J des réponses correctes montre qu'en général, je sais quand j'ai la bonne réponse. Cependant je ne sais pas forcément quand j'ai la mauvaise réponse, la courbe en J des réponses incorrectes m'indiquant beaucoup d'erreurs dangereuses et ne suivant pas la forme du J. Cela relève d'une certaine imprudence.] ; human(MonCal.Interpret) ; IA(MonCal.Facts.DC

Cette classification est basée sur le contenu du commentaire qui se concentre sur lanalyse des erreurs dangereuses et la forme des courbes de réponses incorrectes. Le commentaire discute spécifiquement des caractéristiques des réponses incorrectes en termes de leur distribution et des implications pour les connaissances fragiles ou certaines, ce qui correspond à la catégorie MonCal.Facts.DC.)
[Il faut que je révise la chimie, car mes connaissances sont floues et donc la certitude de mes réponses est affectée.] ; human(DomKldg) ; IA(CTRL  
DomKldg

Étant donné que le commentaire exprime un besoin daméliorer la compréhension dans un domaine particulier (la chimie), il est pertinent de lidentifier sous les classes `CTRL` pour son orientation vers des actions futures et `DomKldg` car il reconnaît également une lacune en matière de connaissances. Toutefois, étant donné la nécessité den choisir un, le focus principal ici est sur laction future (révision), donc la classe principale serait :

CTRL)
[Il faut que je regarde les questions de plus près car la formulation peut être trompeuse à certains moments.] ; human(StratKldg) ; IA(MonCal.Interpret)
[Globalement, j'ai réussi à être plus certaine de mes réponses (22 savoirs certains et 1 savoir fragile) mais ça a créé de ce fait quelques erreurs dangereuses (7). Par rapport au premier test, je peux remarquer que la courbe en J est plus conséquente pour les réponses correctes] ; human(MonCal.Facts.DC) ; IA(MonCal.Facts.RF  
MonCal.Facts.DC  

Le commentaire inclut à la fois des observations factuelles sur le nombre de savoirs certains et fragiles ainsi que des erreurs dangereuses, ce qui se rapporte aux classes MonCal.Facts.RF (car il indique les quantités spécifiques) et MonCal.Facts.DC (puisquil mentionne les types derreurs en termes de facteurs cognitifs).)
[Il y a un manque de rigueur car j'ai mal lu les énoncés et cela m'a induit en erreur et c'est pour cela que j'ai eu des réponses qui étaient erronées] ; human(StratKldg) ; IA(MonCal.Interpret)
[5 : erreurs dangereuses, 6 erreurs présumées, 11 savoirs fragiles, 10 savoir certains :] ; human(MonCal.Facts.DC) ; IA(MonCal.Facts.DC  
MonCal.Facts.RF  

Ce commentaire est classifié dans les deux classes car il fournit à la fois des informations factuelles sur le nombre de différents types de réponses (erreurs dangereuses, erreurs présumées, savoirs fragiles et certains) qui correspondent aux critères pour MonCal.Facts.DC et décrit également un tableau numérique général similaire à celui utilisé dans MonCal.Facts.RF.)
[Il y a pas mal de savoir certain et environ 1/3 d'erreurs dangereuses] ; human(MonCal.Facts.DC) ; IA(MonCal.Facts.RF)
[On peut dire que j'ai eu ce score car je ne révise jamais sauf la veille ou le jour même d'un contrôle, j'aurais sûrement un meilleur score en révisant régulièrement] ; human(StratKldg) ; IA(CTRL)
[Beaucoup de savoir certain avec 5 erreurs dangereuses.] ; human(MonCal.Facts.DC) ; IA(MonCal.Facts.DC  
MonCal.Facts.RF  

Ce commentaire mentionne à la fois les "erreurs dangereuses" et le "savoir certain", ce qui correspond aux observations factuelles sur les savoirs fragiles, certains et les erreurs. Il indique également un nombre spécifique derreurs dangereuses (5), impliquant des faits quantitatifs sur les réponses correctes et incorrectes. Par conséquent, il peut être classifié dans les deux classes :

1. **MonCal.Facts.DC** : Pour la mention de "savoir certain" et d"erreurs dangereuses".
2. **MonCal.Facts.RF** : Pour lindication du nombre derreurs dangereuses, fournissant des faits quantitatifs sur les résultats du test.

Par conséquent, le commentaire est applicable à ces deux classes.)
[Ce test m'a permis de comprendre que je dois faire plus attention aux énoncés.] ; human(MotOrient.Value) ; IA(CTRL)
[6 erreurs dangereuses, 3 présumées, 4 ignorances déclarée, 3 savoir fragile, 16 savoir certain] ; human(MonCal.Facts.DC) ; IA(MonCal.Facts.RF  
MonCal.Facts.DC  

Ce commentaire peut être classé dans les deux catégories : MonCal.Facts.RF et MonCal.Facts.DC. Il contient à la fois des observations factuelles sur le nombre derreurs, ignorances déclarées, savoirs fragiles et certains (ce qui correspond à MonCal.Facts.RF), ainsi que la mention spécifique de types particuliers derreurs et de savoirs tels que les erreurs dangereuses et présumées, ce qui correspond également à MonCal.Facts.DC.)
[5 réponse dangereuse, 1 erreur présumée, 5 ignorance déclarée, 6 savoir fragile et 15 certain] ; human(MonCal.Facts.DC) ; IA(MonCal.Facts.DC  
MonCal.Facts.RF  

Les commentaires fournis discutent à la fois des erreurs dangereuses et présumées, des ignorances déclarées, des savoirs fragiles et certains. Cela correspond aux observations factuelles sur les résultats du test (classées sous MonCal.Facts.RF) en termes de nombre/quantité. En outre, cela inclut également les types spécifiques dobservations pertinentes pour la catégorie MonCal.Facts.DC, qui se concentre sur ces mêmes erreurs et savoirs classifiés par leur nature (erreurs dangereuses, savoir fragile, etc.). Par conséquent, le commentaire peut être attribué à les deux classes.)
[Globalement, il y a plus de réponses savoir certain que d'erreur dangereuse ,] ; human(MonCal.Facts.DC) ; IA(MonCal.Facts.RF  
MonCal.Facts.DC  

Les commentaires mentionnent des observations factuelles sur le nombre et la quantité de réponses correctes ("réponses savoir certain") ainsi que derreurs dangereuses, ce qui correspond aux classes MonCal.Facts.RF (observations factuelles sur les résultats du test) et MonCal.Facts.DC (observations factuelles concernant les erreurs dangereuses).)
[e trouve que j'ai été trop rapide dans mes choix de réponse ainsi à l'avenir il me faudra être plus réfléchi. Aussi des petites révisions ne me feraient pas de mal.] ; human(StratKldg) ; IA(CTRL  
MotOrient.Value  

Note : Le commentaire exprime un comportement futur ("il me faudra être plus réfléchi" et "des petites révisions ne me feraient pas de mal"), ce qui le place principalement dans la classe CTRL. Il mentionne également limportance des révisions, ce qui est lié à MotOrient.Value en termes de préparation et dutilité perçue pour lapprentissage futur.)
[Cela Vient en parti du fait que je ne connaissais pas les formules du cours et d'interprétations fausses des documents] ; human(DomKldg) ; IA(DomKldg  
StratKldg  

Cela Vient en parti du fait que je ne connaissais pas les formules du cours et dinterprétations fausses des documents

- "je ne connaissais pas les formules du cours" indique un manque de maîtrise des concepts/disciplines, ce qui est pertinent pour la classe DomKldg.
- "dinterprétations fausses des documents" implique une stratégie ou approche utilisée pendant le test, relevant donc de StratKldg.)
[Mon savoir est là, mais cependant je fais encore trop d'erreurs d'inattention sur des choses bêtes. Il faut que je me concentre tout le long pour répondre à toutes les questions.] ; human(StratKldg) ; IA(MonCal.Interpret)
[Je suis assez content du résultat, ça aurait pu être pire. Ce test provoque chez moi de l'anxiété] ; human(BDS.Emotions) ; IA(BDS.Emotions  
MotOrient.SelfEff)
[J'ai aussi appris que je suis incapable de me concentrer devant un écran d'ordinateur, je vais trop vite du coup je comprends mal les énoncés et les questions] ; human(StratKldg) ; IA(BDS.Emotions  
StratKldg  

Les éléments émotionnels sont présents car létudiant exprime un sentiment dincapacité à se concentrer devant un écran dordinateur. De plus, la stratégie dapprentissage est discutée en raison de la reconnaissance que le comportement (aller trop vite) entraîne une mauvaise compréhension des énoncés et questions.)
[Globalement, il y a beaucoup de réponses certaines mais aussi beaucoup d'erreurs dangereuses.] ; human(MonCal.Facts.DC) ; IA(MonCal.Facts.DC  
MonCal.Facts.RF  

Le commentaire "Globalement, il y a beaucoup de réponses certaines mais aussi beaucoup derreurs dangereuses." mentionne à la fois des observations factuelles concernant les erreurs dangereuses (ce qui le classe dans MonCal.Facts.DC) et les réponses correctes ou certaines (qui pourraient correspondre à MonCal.Facts.RF). Par conséquent, il est pertinent de le classer sous les deux catégories.)
[Je dois mieux lire les énoncés et être plus attentif sur les réponses] ; human(StratKldg) ; IA(MotOrient.SelfEff)
[des connaissances certaines dans le domaine de la physique chimie] ; human(DomKldg) ; IA(MotOrient.SelfEff)
[je pense être plutôt réaliste et ne pas avoir besoin de devenir beaucoup plus réaliste] ; human(MotOrient.SelfEff) ; IA(MonCal.Facts.RF)
[Je devrais être plus attentif sur les questions.] ; human(StratKldg) ; IA(CTRL)
[J'ai appris que je devrais me fier plus à mes connaissances qu'à la pertinence de la question] ; human(MotOrient.Value) ; IA(MotOrient.SelfEff)
[un savoir certain , 4 savoir fragile , pour les erreurs, 5 erreur dangereuse et 7 erreur présumée] ; human(MonCal.Facts.DC) ; IA(MonCal.Facts.DC  
MonCal.Facts.RF  

Le commentaire fournit des observations factuelles sur les savoirs certains, fragiles et les erreurs dangereuses/présumées. Cela correspond aux catégories MonCal.Facts.DC pour linclusion de types spécifiques de résultats (savoir certain, savoir fragile, erreur dangereuse, erreur présumée) et MonCal.Facts.RF en raison du compte des réponses correctes/incorrectes.)
[Je repère beaucoup de prudence car je peux présumer mes erreurs éventuel , ce qui me permet d'avoir peut d'erreur dangereuse.] ; human(MonCal.Interpret) ; IA(MonCal.Facts.DC)
[Ces erreurs dangereuses sont dues à un manque de connaissances.] ; human(MonCal.Interpret) ; IA(3.MonCal.Facts.DC)
[La prochaine fois, je ferais attention aux tournures des phrases qui peuvent être dangereuses.] ; human(CTRL) ; IA(MonCal.Facts.DC)
[Plutôt des erreurs d'inattention que du manque de réalisme.] ; human(StratKldg) ; IA(MonCal.Interpret)
[La chimie est vraiment dure, mais la physique c'est bien] ; human(DomKldg) ; IA(MotOrient.Value)
[donc je suis trop confiante] ; human(MotOrient.SelfEff) ; IA(MonCal.Interpret)
[Pour la prochaine je dois être plus prudente] ; human(CTRL) ; IA(MonCal.Interpret)
[il faut revoir certaines choses de mon cours] ; human(CTRL) ; IA(DomKldg)
[Erreur dangereuse 4, Erreur présumée 3, savoir certain 24, 1 ignorance déclarée] ; human(MonCal.Facts.DC) ; IA(MonCal.Facts.DC  
MonCal.Facts.RF  

Tous les deux sont corrects car le commentaire contient à la fois des observations factuelles sur les résultats du test (nombre de réponses correctes et incorrectes) qui correspondent à MonCal.Facts.RF, ainsi que des détails spécifiques sur les erreurs dangereuses, les erreurs présumées, les ignorances déclarées et le savoir certain qui tombent sous la catégorie MonCal.Facts.DC.)
[J'ai eu tout juste en physique, mais j'ai plus de mal en chimie car c'est moins concret. Les formules sont dures à comprendre donc à apprendre. De plus, mes erreurs dangereuses en chimie montrent que je n'ai pas tout compris.] ; human(DomKldg) ; IA(DomKldg  
StratKldg  

Ce commentaire traite principalement des difficultés perçues dans une discipline particulière (chimie) par rapport à une autre (physique), ce qui est lié aux concepts/disciplines manquants et à leur degré dacquisition, correspondant à `DomKldg`. En outre, le commentaire mentionne des difficultés avec les formules chimiques et comment cela affecte lapprentissage, impliquant une réflexion sur les stratégies utilisées pour apprendre, ce qui se rapporte également à `StratKldg`.)
[Ce score global (par rapport aux erreurs dangereuses) est peut-être dût à de la précipitation] ; human(StratKldg) ; IA(MonCal.Interpret)
[Je pourrais être plus réaliste en lisant mieux les questions.] ; human(StratKldg) ; IA(CTRL)
[Bon test permettant ainsi de connaitre la qualité des connaissances.] ; human(MotOrient.Value) ; IA(MonCal.Facts.RF)
[6 erreurs dangereuses, 18 savoirs certains et 4 savoir fragiles, 1 erreur présumée.] ; human(MonCal.Facts.DC) ; IA(MonCal.Facts.RF  
MonCal.Facts.DC  

Les deux classes sont applicables car le commentaire contient des observations factuelles sur les résultats du test, incluant à la fois des nombres de réponses correctes et incorrectes (sappuyant sur MonCal.Facts.RF), ainsi que des détails spécifiques sur les erreurs dangereuses, savoirs fragiles, savoirs certains et erreur présumée (sappuyant sur MonCal.Facts.DC).)
[4 erreurs dangereuses et 6 erreurs présumées et 4 savoir fragile ainsi que 18 savoir certain] ; human(MonCal.Facts.DC) ; IA(MonCal.Facts.DC  
MonCal.Facts.RF  

Note : Ce commentaire inclut à la fois des observations factuelles sur les types et nombres derreurs ainsi que des savoirs fragiles et certains. Par conséquent, il est pertinent de le classer dans les deux catégories :

- MonCal.Facts.DC : Compte les erreurs dangereuses, présumées et inclut des termes comme "savoir fragile" et "savoir certain."
- MonCal.Facts.RF : Fournit un compte rendu factuel du nombre derreurs et de savoirs corrects.)
[Certaines de ces erreurs sont dues à un manque de réflexion par rapport aux questions (ex: confondre semi-équation et équation de réaction)] ; human(StratKldg) ; IA(MonCal.Interpret)
[Il faut que je travaille mieux mes notions] ; human(StratKldg) ; IA(CTRL)
[L'objectif est donc une attention plus marquée dans la lecture des questions] ; human(StratKldg) ; IA(CTRL)
[trois erreurs dangereuses (à80%) qui sont dues à une mauvaise lecture de l'énoncé et une confusion entre plusieurs éléments de la consigne] ; human(StratKldg) ; IA(MonCal.Facts.DC  
MonCal.Interpret  

Le commentaire mentionne des erreurs dangereuses, qui sont des faits liés à MonCal.Facts.DC. En même temps, il explique pourquoi ces erreurs se produisent (mauvaise lecture de lénoncé et confusion), ce qui est une interprétation subjective, donc il relève également de MonCal.Interpret.)
[Pour un meilleur résultat la fois prochaine, il faudrait ouvrir le livre de SPC notamment sur la mécanique] ; human(CTRL) ; IA(DomKldg)
[j'ai souvent répondu trop vite] ; human(StratKldg) ; IA(MotOrient.SelfEff)
[4 erreurs dangereuses, 3 erreurs présumées et 13 savoirs certains] ; human(MonCal.Facts.DC) ; IA(MonCal.Facts.DC  
MonCal.Facts.RF  

Note : Ce commentaire inclut à la fois des observations factuelles sur les résultats du test (comme indiqué par MonCal.Facts.RF) et spécifie explicitement des erreurs dangereuses, ce qui le rend également pertinent pour MonCal.Facts.DC.)
[Je suis arrivée à un résultat de 12/20] ; human(MonCal.Facts.RF) ; IA(MonCal.Facts.RF

(Note : Ce commentaire mentionne une observation factuelle sur le score obtenu dans le test, ce qui correspond au type de données observées dans les observations factuelles concernant les résultats des tests.))
[j'ai été beaucoup moins prudente que sur le dernier test, j'ai pris des risques] ; human(MonCal.Interpret) ; IA(CTRL)
[9 savoir certain 4 fragile 4 erreurs présumées et 3 dangereuses.] ; human(MonCal.Facts.DC) ; IA(MonCal.Facts.DC  
MonCal.Facts.RF  

(Note : Le commentaire est pertinent pour les deux classes car il fournit à la fois des observations factuelles sur les résultats du test et des informations détaillées sur les catégories de réponses telles que savoirs certains, fragiles, erreurs présumées et dangereuses.))
[des confusions et des souvenirs erronés du à des réponses données basées non pas sur un cours appris mais sur des souvenirs de classes et des exercices faits.] ; human(StratKldg) ; IA(DomKldg  
StratKldg  

Les termes "confusions" et "souvenirs erronés" suggèrent des problèmes avec la maîtrise des concepts de cours, ce qui correspond au type de commentaire que lon retrouve dans la classe `DomKldg`. Dautre part, la référence à "réponses données basées non pas sur un cours appris mais sur des souvenirs de classes et des exercices faits" implique une stratégie dapprentissage, où le raisonnement de létudiant semble reposer sur les expériences passées plutôt que sur la connaissance directe du cours, ce qui correspond à la classe `StratKldg`.)
[j'ai échangé 2 valeurs dans une formule que je n'ai pas trop comprise] ; human(DomKldg) ; IA(StratKldg)
[je n'ai pas bien relu mes chapitres] ; human(StratKldg) ; IA(DomKldg)
[J’aurais mieux réussis si j’avais pu poser les questions à l'écrit sur une feuille et si j'avais pour prendre mon temps en recontextualisant les questions qui ont déjà été vues en classes ou évaluation.] ; human(StratKldg) ; IA(StratKldg

Ce commentaire concerne des stratégies dapprentissage potentielles que létudiant envisagerait pour améliorer ses performances futures. Il mentionne la possibilité de poser les questions à lécrit et de prendre son temps en recontextualisant les concepts, ce qui est indicatif de stratégies ou comportements adaptatifs pendant le test.)
[je pense que le cours est moins maitrisé] ; human(StratKldg) ; IA(DomKldg)
[je n'ai pas pris le temps de bien comprendre les énoncés] ; human(StratKldg) ; IA(CTRL)
[dans certaines questions je n’étais pas concentré sur le sujet] ; human(StratKldg) ; IA(MotOrient.SelfEff)
[mes connaissances pas encore assez solides.] ; human(StratKldg) ; IA(MotOrient.SelfEff)
[mon problème réside dans ma précipitation] ; human(StratKldg) ; IA(MotOrient.SelfEff)
[4 dangereuses et 5 présumées] ; human(MonCal.Facts.DC) ; IA(MonCal.Facts.DC  
MonCal.Facts.RF  

Le commentaire "4 dangereuses et 5 présumées" contient à la fois des éléments factuels concernant les types derreurs (erreurs dangereuses et erreures présumées), ce qui correspond aux catégories MonCal.Facts.DC et MonCal.Facts.RF.)
[j'ai pas revu le cours] ; human(StratKldg) ; IA(DomKldg)
[un manque d'attention sur certains détails] ; human(StratKldg) ; IA(DomKldg)
[Chapitres pas assez bien travaillés] ; human(StratKldg) ; IA(DomKldg)
[5 dangereuses, 2 présumées, 1 ignorance , 4 fragiles, 8 certains] ; human(MonCal.Facts.DC) ; IA(MonCal.Facts.DC  
MonCal.Facts.RF  

Note : Le commentaire fourni inclut à la fois des observations factuelles sur le nombre de types derreurs et de connaissances (classifiant ainsi sous MonCal.Facts.DC) et des détails quantitatifs similaires qui relèvent également de MonCal.Facts.RF. Par conséquent, il peut être attribué à la fois aux classes MonCal.Facts.DC et MonCal.Facts.RF sur la base des informations fournies dans lexemple précédent.)
[mauvais apprentissage du cours] ; human(StratKldg) ; IA(DomKldg)
[bcp d'erreurs dangereuses] ; human(MonCal.Facts.DC) ; IA(MonCal.Interpret)
[bien relire les consignes] ; human(StratKldg) ; IA(CTRL)
