[je préfère ne pas me risquer à dire que c'est juste si ça peut ne pas l'être] ; human(StratKldg) ; IA(MotOrient.SelfEff)
[Cela révèle que je dois être plus prudente concernant les questions ou je pense avoir faux pour espérer être davantage réaliste] ; human(MonCal.Interpret) ; IA(CTRL)
[Beaucoup des sujets je n'avais pas révisé du tout encore] ; human(StratKldg) ; IA(DomKldg)
[à l'avenir, il faudrait que je prenne plus mon temps pour lire les questions et évaluer réellement mes connaissances et lacunes] ; human(CTRL) ; IA(DomKldg)
[Sur la partie mécanique j'ai été plus confiant, à juste titre, alors que dans la partie chimie j'ai été plus prudent (aussi à juste titre)] ; human(MotOrient.SelfEff) ; IA(MonCal.Interpret)
[Je suis aussi surpris de mon score pour la partie chimie] ; human(BDS.Emotions) ; IA(DomKldg)
[le nombre de erreurs dangereuses a diminué] ; human(MonCal.Facts.DC) ; IA(MonCal.Interpret)
[uniquement savoir certain ou erreur dangereuse-] ; human(MonCal.Facts.DC) ; IA(MonCal.Facts.RF)
[ce test est très réaliste/ précis.] ; human(MotOrient.Value) ; IA(MonCal.Facts.RF)
[ce qui concerne les mauvaises réponses, c'est une mauvaise compréhension des questions] ; human(StratKldg) ; IA(DomKldg)
[Je pense qu'en essayant de relire mes leçons avant le test, je pourrais être plus sûre de mes réponses] ; human(StratKldg) ; IA(DomKldg)
[Les lois de Kepler sont à apprendre !] ; human(DomKldg) ; IA(MonCal.Kldg)
[Cela me permet de savoir ce que je dois réviser et mes points faibles.] ; human(MotOrient.Value) ; IA(DomKldg)
[le plus grave ? les erreurs dangereuses que j'ai fait.] ; human(MonCal.Interpret) ; IA(MonCal.Facts.DC)
[La mécanique est un thème difficile et je suis dans l'ensemble trop sûre de moi en mécanique.] ; human(MotOrient.SelfEff) ; IA(DomKldg)
[Ce test m'a permis de réaliser que mes connaissances sont moins solides que ce que j'espérais] ; human(MotOrient.Value) ; IA(DomKldg)
[9 réponses fausses (4 ! 5. . )3 ignorances20 réponses correctes (8 . . . 12 :)23/32] ; human(MonCal.Facts.RF) ; IA(MonCal.Facts.DC)
[je ne suis pas du tout sûr de ce que je réponds en chimie] ; human(MotOrient.SelfEff) ; IA(DomKldg)
[Pour espérer devenir davantage réaliste lors du prochain test, je pourrais me fier davantage à mes réelles connaissances plutôt qu'à mes estimations sur quelle réponse pourrait être la bonne, si une question semble une question piège,] ; human(CTRL) ; IA(StratKldg)
[Pour le prochain test, il faudrait que je me laisse un peu plus de temps avant de répondre et bien analyser les docs.] ; human(CTRL) ; IA(StratKldg)
[C'est un peu meilleur que le premier test mais c'est parce que les questions étaient sur des chapitres vus en Terminale tandis que le premier test était sur des chapitres vus en Première.] ; human(DomKldg) ; IA(MonCal.Facts.RF)
[Pour le prochain test, je devrais approfondir les bases du cours (non-acquis) avec des exercices.] ; human(CTRL) ; IA(DomKldg)
[J'ai mal jugé mes réponses et surestimé mes compétences] ; human(MotOrient.SelfEff) ; IA(MonCal.Interpret)
[Ce test m'a permis de comprendre que je dois faire plus attention aux énoncés.] ; human(MotOrient.Value) ; IA(MonCal.Facts.DC)
[Relativement satisfait car peu d'erreurs et peu savoir fragile comme je le pensais lors du test. J'étais assez souvent très sûr de moi.] ; human(MonCal.Interpret) ; IA(MotOrient.SelfEff)
[Globalement, il y a plus de réponses savoir certain que d'erreur dangereuse ,] ; human(MonCal.Facts.DC) ; IA(MonCal.Facts.RF)
[e trouve que j'ai été trop rapide dans mes choix de réponse ainsi à l'avenir il me faudra être plus réfléchi. Aussi des petites révisions ne me feraient pas de mal.] ; human(StratKldg) ; IA(CTRL)
[Je pense que je peux m'améliorer en étant plus prudente et en faisant plus attention aux énoncés.] ; human(CTRL) ; IA(MonCal.Interpret)
[Je suis toujours trop sûr de mes réponses] ; human(MotOrient.SelfEff) ; IA(MonCal.Interpret)
[des connaissances certaines dans le domaine de la physique chimie] ; human(DomKldg) ; IA(MotOrient.SelfEff)
[Afin de devenir davantage réaliste lors du prochain test, il me faudra être plus technique dans mes connaissances en physique chimie.] ; human(CTRL) ; IA(DomKldg)
[ce test ne m'apporte pas grand-chose, que quelques connaissances sur quelques détails précis] ; human(MotOrient.Value) ; IA(MonCal.Facts.DC)
[J'ai appris que je devrais me fier plus à mes connaissances qu'à la pertinence de la question] ; human(MotOrient.Value) ; IA(MotOrient.SelfEff)
[Pour m'améliorer davantage, il faut que je réponde plus spontanément car il y a des questions où j'ai trop hésité] ; human(CTRL) ; IA(StratKldg)
[Ces erreurs dangereuses sont dues à un manque de connaissances.] ; human(MonCal.Interpret) ; IA(MonCal.Kldg)
[La prochaine fois, je ferais attention aux tournures des phrases qui peuvent être dangereuses.] ; human(CTRL) ; IA(MonCal.StratKldg)
[Il faudrait qu'au prochain test je sois plus sûr de moi pour avoir moins de savoir fragile et aussi avoir moins d'erreurs dangereuses.] ; human(CTRL) ; IA(MonCal.Interpret)
[Pour la prochaine je dois être plus prudente] ; human(CTRL) ; IA(MonCal.Interpret)
[il faut revoir certaines choses de mon cours] ; human(CTRL) ; IA(DomKldg)
[23 savoir certain et pas d'erreur présumée et pas de savoir fragile] ; human(MonCal.Facts.DC) ; IA(MonCal.Facts.RF)
[J'ai eu tout juste en physique, mais j'ai plus de mal en chimie car c'est moins concret. Les formules sont dures à comprendre donc à apprendre. De plus, mes erreurs dangereuses en chimie montrent que je n'ai pas tout compris.] ; human(DomKldg) ; IA(MonCal.Facts.DC)
[Ce score global (par rapport aux erreurs dangereuses) est peut-être dût à de la précipitation] ; human(StratKldg) ; IA(MonCal.Interpret)
[il y a trop d’assurance pour des réponses qui sont fausses] ; human(MotOrient.SelfEff) ; IA(MonCal.Interpret)
[Bon test permettant ainsi de connaitre la qualité des connaissances.] ; human(MotOrient.Value) ; IA(MonCal.Facts.RF)
[Lors du prochain test, il s'agira de se montrer moins sur à 100% sur des réponses, même pour les réponses où je suis sûr de moi] ; human(CTRL) ; IA(MonCal.Facts.RF)
[Certaines de ces erreurs sont dues à un manque de réflexion par rapport aux questions (ex: confondre semi-équation et équation de réaction)] ; human(StratKldg) ; IA(MonCal.Interpret)
[Il faut que je travaille mieux mes notions] ; human(StratKldg) ; IA(DomKldg)
[trois erreurs dangereuses (à80%) qui sont dues à une mauvaise lecture de l'énoncé et une confusion entre plusieurs éléments de la consigne] ; human(StratKldg) ; IA(MonCal.Interpret)
[Pour un meilleur résultat la fois prochaine, il faudrait ouvrir le livre de SPC notamment sur la mécanique] ; human(CTRL) ; IA(DomKldg)
[j'ai été beaucoup moins prudente que sur le dernier test, j'ai pris des risques] ; human(MonCal.Interpret) ; IA(StratKldg)
[Il faut encore que je me concentre davantage sur les énoncés, prendre le temps de bien lire surtout sur la mécanique] ; human(CTRL) ; IA(StratKldg)
[des confusions et des souvenirs erronés du à des réponses données basées non pas sur un cours appris mais sur des souvenirs de classes et des exercices faits.] ; human(StratKldg) ; IA(DomKldg)
[je n'ai pas bien relu mes chapitres] ; human(StratKldg) ; IA(DomKldg)
[je pense que le cours est moins maitrisé] ; human(StratKldg) ; IA(DomKldg)
[Incompréhension acide/base + titrage] ; human(DomKldg) ; IA(MonCal.Facts.RF)
[j'ai été plus réaliste] ; human(MotOrient.SelfEff) ; IA(MonCal.Facts.RF)
[mes connaissances pas encore assez solides.] ; human(StratKldg) ; IA(MotOrient.SelfEff)
[Ceci démontre de mon évolution sur le plan mental notamment. Dans mon assurance à répondre aux questions.] ; human(MotOrient.SelfEff) ; IA(MotOrient.Value)
[j'ai pas revu le cours] ; human(StratKldg) ; IA(DomKldg)
[Chapitres pas assez bien travaillés] ; human(StratKldg) ; IA(DomKldg)
[bcp d'erreurs dangereuses] ; human(MonCal.Facts.DC) ; IA(MonCal.Interpret)
